· tokyo-takao-mountain#2 蛸杉（たこ杉）と開運ひっぱり蛸 +0 (計0)
✓ tokyo-takao-mountain#4 高尾山さる園・野草園 +5 (計5)
✓ tokyo-shibamata-walk#3 山本亭 +5 (計9)
✓ tokyo-tachikawa-showa#5 日本庭園 +5 (計9)
✓ tokyo-fukagawa-walk#5 門前仲町（仲町通り・辰巳新道） +5 (計10)
✓ osaka-minoo-falls#1 阪急箕面駅と滝道の入口 +5 (計10)
✓ osaka-minoo-falls#3 箕面川の渓谷と唐人戻岩 +5 (計5)
✓ osaka-shitennoji-walk#3 一心寺 +5 (計9)
✓ kyoto-kurama-kibune#1 叡山電車（鞍馬線） +5 (計8)
✓ kyoto-kurama-kibune#2 鞍馬寺 +5 (計8)
✓ kyoto-ohara-sanzen#5 大原の里(赤紫蘇畑と棚田) +5 (計10)
✓ hyogo-nishinomiya-koshien#1 阪神甲子園球場 +5 (計9)
✓ hyogo-nishinomiya-koshien#3 西宮神社（えびす宮総本社） +5 (計6)
✓ hyogo-nishinomiya-koshien#4 門戸厄神 東光寺 +5 (計9)
✓ hyogo-rokko-maya-night#4 六甲ガーデンテラス（見晴らしの塔） +5 (計9)
✓ nara-horyuji-course#1 藤ノ木古墳 +5 (計9)
✓ nara-horyuji-course#4 法輪寺 +5 (計9)
✓ aichi-inuyama-castle#1 三光稲荷神社 +5 (計9)
✓ aichi-inuyama-castle#3 日本庭園 有楽苑（国宝茶室 如庵） +5 (計10)
✓ aichi-inuyama-castle#5 どんでん館 +5 (計8)
✓ aichi-tokoname-walk#1 やきもの散歩道（出発点・陶磁器会館） +1 (計6)
✓ shizuoka-hamamatsu-hamanako#5 龍潭寺 +5 (計8)
✓ shizuoka-shuzenji-onsen#2 竹林の小径 +2 (計6)
✓ fukuoka-kokura-castle#1 八坂神社（小倉祇園 八坂神社） +5 (計9)
✓ hokkaido-furano-biei#4 パッチワークの路 +5 (計6)
✓ hokkaido-noboribetsu-onsen#5 のぼりべつクマ牧場 +5 (計7)
· hiroshima-tomonoura-walk#1 鞆の浦 常夜燈 +0 (計0)
✓ hiroshima-tomonoura-walk#2 福禅寺 対潮楼 +5 (計9)
✓ wakayama-koyasan-course#1 大門 +5 (計8)
✓ wakayama-koyasan-course#3 金剛峯寺 +5 (計9)
✓ wakayama-koyasan-course#5 奥之院 +5 (計9)
· shiga-hieizan-enryakuji#1 坂本の里坊と穴太衆積みの石垣 +0 (計5)
✓ shiga-hieizan-enryakuji#4 延暦寺 西塔 +5 (計8)
✓ gunma-tomioka-silk#1 諏訪神社（富岡） +5 (計8)
· gunma-tomioka-silk#4 おっきりこみ処（製糸場正門前） +0 (計2)
✓ gunma-tomioka-silk#5 一之宮貫前神社 +5 (計9)
