· tokyo-takao-mountain#2 蛸杉（たこ杉）と開運ひっぱり蛸 +0 (計0)
· tokyo-takao-mountain#4 高尾山さる園・野草園 +0 (計0)
✓ tokyo-takao-mountain#5 高尾山山頂（大見晴園地） +5 (計5)
✓ tokyo-shibamata-walk#1 帝釈天参道（神明会） +5 (計5)
✓ tokyo-shibamata-walk#5 葛飾柴又寅さん記念館・山田洋次ミュージアム +5 (計5)
✓ tokyo-fukagawa-walk#5 門前仲町（仲町通り・辰巳新道） +5 (計5)
✓ osaka-minoo-falls#1 阪急箕面駅と滝道の入口 +5 (計5)
· osaka-minoo-falls#3 箕面川の渓谷と唐人戻岩 +0 (計0)
✓ osaka-shitennoji-walk#2 四天王寺 亀の池と石舞台 +5 (計5)
✓ kyoto-kurama-kibune#3 鞍馬山（木の根道・奥の院） +5 (計5)
✓ kyoto-kurama-kibune#5 貴船川の川床 +5 (計5)
✓ kyoto-ohara-sanzen#5 大原の里(赤紫蘇畑と棚田) +5 (計5)
✓ hyogo-rokko-maya-night#2 まやビューライン（摩耶ケーブル・摩耶ロープウェー） +5 (計5)
✓ hyogo-rokko-maya-night#3 六甲ケーブル 天覧台 +5 (計5)
✓ hyogo-rokko-maya-night#5 自然体感展望台 六甲枝垂れ +2 (計2)
✓ aichi-inuyama-castle#3 日本庭園 有楽苑（国宝茶室 如庵） +5 (計5)
✓ aichi-inuyama-castle#4 犬山城下町 本町通り +5 (計5)
✓ aichi-tokoname-walk#1 やきもの散歩道（出発点・陶磁器会館） +5 (計5)
✓ aichi-tokoname-walk#4 登窯（陶榮窯） +5 (計5)
✓ aichi-tokoname-walk#6 とこなめ招き猫通り（とこにゃん） +5 (計5)
✓ shizuoka-hamamatsu-hamanako#2 浜名湖オルゴールミュージアム／かんざんじロープウェイ +5 (計5)
✓ shizuoka-hamamatsu-hamanako#3 弁天島の赤鳥居 +5 (計5)
✓ shizuoka-shuzenji-onsen#4 桂川と恋の橋めぐり +5 (計5)
✓ shizuoka-shuzenji-onsen#5 指月殿と源頼家の墓 +5 (計5)
✓ hokkaido-noboribetsu-onsen#3 大湯沼川天然足湯 +5 (計5)
· hiroshima-tomonoura-walk#1 鞆の浦 常夜燈 +0 (計0)
✓ hiroshima-tomonoura-walk#4 鞆の浦の町並み（西町） +5 (計5)
✓ shiga-hieizan-enryakuji#1 坂本の里坊と穴太衆積みの石垣 +5 (計5)
✓ shiga-hieizan-enryakuji#3 延暦寺 根本中堂（東塔） +5 (計5)
✓ gunma-tomioka-silk#4 おっきりこみ処（製糸場正門前） +2 (計2)
