✓ osaka-mozu-kofun-walk #1 百舌鳥古墳群ビジターセンター (百舌鳥古墳群ビジターセンターの8K空撮シアターで床に投影された古墳群の俯瞰映像) → 候補1枚
✓ osaka-mozu-kofun-walk #2 仁徳天皇陵古墳（大山古墳） (仁徳天皇陵古墳の拝所から鳥居越しに望む三重の堀と墳丘の杜) → 候補4枚
✓ osaka-mozu-kofun-walk #3 大仙公園 日本庭園 (大仙公園日本庭園の築山と池を望む回遊路、滝から池へ落ちる水景) → 候補4枚
✓ osaka-mozu-kofun-walk #4 堺市博物館 (堺市博物館の常設展示室に並ぶ古墳群関連の埴輪(いたすけ古墳出土・冑形埴輪の複製を含む)) → 候補4枚
✓ osaka-mozu-kofun-walk #5 いたすけ古墳 (いたすけ古墳の堀に突き出して半分崩れ落ちた古い橋と、対岸の墳丘の森) → 候補4枚
✓ osaka-mozu-kofun-walk #6 百舌鳥八幡宮 (百舌鳥八幡宮の境内にそびえる樹齢約700年と伝わる大楠の巨木) → 候補4枚
✓ osaka-tenjimbashisuji-walk #1 天神橋筋商店街 (天神橋筋商店街のアーケードが南北に一直線へ伸びる通路と軒を連ねる店先) → 候補4枚
✓ osaka-tenjimbashisuji-walk #2 大阪天満宮 (大阪天満宮の表大門と、その天井に吊られた十二支の彫刻が並ぶ大方位盤) → 候補3枚
✓ osaka-tenjimbashisuji-walk #3 天満天神繁昌亭 (天満天神繁昌亭の正面ファサードと提灯が下がる入口まわり) → 候補4枚
✓ osaka-tenjimbashisuji-walk #4 天満市場（ぷららてんま） (天満市場の通路天井をびっしり覆う赤提灯と鮮魚・青果の店先) → 候補1枚
✗ osaka-tenjimbashisuji-walk #5 天五中崎通商店街（おいでやす通り） (天五中崎通商店街の横丁アーケードと『おいでやす通り』の看板が掛かる入口) → 候補0枚
✓ osaka-tenjimbashisuji-walk #6 中崎町 (中崎町の路地に残る昭和の長屋を改装した古民家カフェの外観と細い裏路地) → 候補4枚
✓ osaka-sumiyoshi-taisha-walk #1 住吉鳥居前駅（阪堺電車） (住吉鳥居前電停に停車する阪堺電車と住吉大社の朱塗り西大鳥居が並ぶ光景) → 候補4枚
✓ osaka-sumiyoshi-taisha-walk #2 反橋（太鼓橋） (池の水面に朱色が映り込む住吉大社の反橋（太鼓橋）の急な弓なりの姿) → 候補4枚
✗ osaka-sumiyoshi-taisha-walk #3 住吉大社 本宮・五所御前 (縦一列に並ぶ住吉造の本宮社殿、朱の柱と白壁と檜皮屋根) → 候補0枚
✗ osaka-sumiyoshi-taisha-walk #4 種貸社 (木立に囲まれた種貸社の朱塗りの社殿と参道) → 候補0枚
✗ osaka-sumiyoshi-taisha-walk #5 住吉公園・住吉高燈籠 (住吉公園の松並木の汐掛道と、その先の国道26号沿いに立つ住吉高燈籠の塔) → 候補0枚
✓ kyoto-ginkakuji-philosophers-walk #1 銀閣寺（慈照寺） (銀閣寺の銀沙灘と円錐形の向月台、背後に観音殿) → 候補4枚
✓ kyoto-ginkakuji-philosophers-walk #2 哲学の道 (哲学の道の疏水沿いに枝を差しかける関雪桜の並木と石畳) → 候補4枚
✓ kyoto-ginkakuji-philosophers-walk #3 法然院 (法然院の茅葺山門とその先に盛られた二つの白砂壇) → 候補4枚
✓ kyoto-ginkakuji-philosophers-walk #4 永観堂（禅林寺） (永観堂の山上に立つ多宝塔と眼下に広がる京都市街) → 候補4枚
✓ kyoto-ginkakuji-philosophers-walk #5 南禅寺 (南禅寺境内を横切る赤煉瓦アーチの水路閣) → 候補4枚
✓ kyoto-nijojo-gosho-course #1 元離宮二条城 (二条城 二の丸御殿 唐門の極彩色彫刻) → 候補3枚
✓ kyoto-nijojo-gosho-course #2 神泉苑 (神泉苑 法成池に架かる朱塗りの法成橋と善女龍王社) → 候補2枚
✓ kyoto-nijojo-gosho-course #3 京都国際マンガミュージアム (京都国際マンガミュージアム 元龍池小学校校舎を覆う「マンガの壁」の書架) → 候補4枚
✓ kyoto-nijojo-gosho-course #4 護王神社 (護王神社 拝殿前に向かい合う一対の狛イノシシ像) → 候補4枚
✓ kyoto-nijojo-gosho-course #5 京都御所 (京都御所 紫宸殿と白砂の南庭、左近の桜・右近の橘) → 候補4枚
✓ hyogo-himeji-castle-course #1 大手前通り (大手前通りの直線越しに正面に見える姫路城大天守と無電柱化された並木道) → 候補4枚
✓ hyogo-himeji-castle-course #2 姫路城 (三の丸広場から見上げる姫路城大天守の白漆喰の全景) → 候補4枚
✓ hyogo-himeji-castle-course #3 好古園(姫路城西御屋敷跡庭園) (好古園の御屋敷の庭の池と渡り廊下、滝の流れる回遊路) → 候補4枚
✓ hyogo-himeji-castle-course #4 兵庫県立歴史博物館 (兵庫県立歴史博物館の建物と、その先に望む姫路城天守) → 候補4枚
✓ hyogo-himeji-castle-course #5 男山配水池公園 (男山配水池公園の高台から俯瞰する姫路城の大天守と小天守、姫路市街) → 候補2枚
✓ hyogo-takarazuka-hananomichi #1 花のみち (花のみち中央の一段高い遊歩道と並ぶ桜並木、ベルサイユのばらのブロンズ像) → 候補4枚
✓ hyogo-takarazuka-hananomichi #2 宝塚大劇場 (宝塚大劇場の白い正面ファサードと大階段状のアプローチ) → 候補4枚
✗ hyogo-takarazuka-hananomichi #3 キャトルレーヴ (宝塚大劇場内キャトルレーヴ本店の店頭に並ぶ歌劇フォトグッズの陳列) → 候補0枚
✓ hyogo-takarazuka-hananomichi #4 宝塚市立手塚治虫記念館 (手塚治虫記念館エントランス脇に立つ火の鳥のブロンズ像と、古城を思わせる記念館の外観) → 候補1枚
✗ hyogo-takarazuka-hananomichi #5 武庫川河川敷緑地 (武庫川河川敷の遊歩道と水面ごしに望む六甲の山並み) → 候補0枚
✓ hyogo-takarazuka-hananomichi #6 宝塚神社 (宝塚神社の高台の社殿と、境内から見渡す大阪方面の街並みと山並み) → 候補4枚
✗ hyogo-kinosaki-onsen-soto #1 大谿川の柳並木と太鼓橋 (大谿川の柳並木と石造りの太鼓橋(王橋)に灯がともる夜景) → 候補0枚
✓ hyogo-kinosaki-onsen-soto #2 一の湯 (歌舞伎座を模した一の湯の唐破風の建物正面) → 候補3枚
✓ hyogo-kinosaki-onsen-soto #3 御所の湯 (御所の湯の檜造りの正面と裏手の滝を望む露天風呂) → 候補4枚
✓ hyogo-kinosaki-onsen-soto #4 鴻の湯 (鴻の湯の庭園露天風呂と緑に囲まれた湯船) → 候補1枚
✗ hyogo-kinosaki-onsen-soto #5 城崎温泉ロープウェイ(大師山) (大師山山頂のみはらしテラスから見下ろす城崎温泉街と日本海) → 候補0枚
✗ shiga-otsu-biwako-walk #1 大津港（ミシガンクルーズ） (大津港に停泊する外輪船ミシガンの船体と背後の琵琶湖) → 候補0枚
✓ shiga-otsu-biwako-walk #2 石山寺 (石山寺本堂下にそびえる硅灰石の巨大な岩盤と多宝塔) → 候補4枚
✓ shiga-otsu-biwako-walk #3 三井寺（園城寺） (三井寺の三井の霊泉（閼伽井屋）の湧き水と覆い屋の彫刻) → 候補4枚
✓ shiga-otsu-biwako-walk #4 近江神宮 (近江神宮の朱塗りの楼門と石段) → 候補4枚
✓ shiga-otsu-biwako-walk #5 びわ湖大津館 (びわ湖大津館の城郭風の瓦屋根本館と前庭の回遊式ガーデン) → 候補4枚
✓ shiga-omihachiman-horikawa #1 八幡堀 (八幡堀の石垣沿いに白壁の土蔵が並び、柳が水面に枝を垂らす水路) → 候補4枚
✓ shiga-omihachiman-horikawa #2 日牟禮八幡宮 (日牟禮八幡宮の楼門と、八幡山を背にした参道) → 候補4枚
✓ shiga-omihachiman-horikawa #3 八幡山ロープウェー (八幡山ロープウェーの赤いゴンドラと、山上から望む西の湖・琵琶湖の眺め) → 候補4枚
✗ shiga-omihachiman-horikawa #4 新町通りの町並み (新町通りに連なる黒壁・格子・見越しの松の近江商人の本宅の町並み) → 候補0枚
✓ shiga-omihachiman-horikawa #5 ラ コリーナ近江八幡 (芝に覆われた草屋根のラ コリーナ近江八幡本社と、前庭の水田) → 候補4枚
✓ wakayama-castle-burakuri #1 和歌山城 天守 (和歌山城 連立式天守と小天守をつなぐ白壁の渡櫓) → 候補4枚
✗ wakayama-castle-burakuri #2 御橋廊下・紅葉渓庭園（西之丸庭園） (和歌山城 御橋廊下の屋根付きで斜めに架かる木橋) → 候補0枚
✓ wakayama-castle-burakuri #3 岡公園 (岡公園の石切丁場跡の大きな岩肌と陸奥宗光の銅像) → 候補4枚
✓ wakayama-castle-burakuri #4 紀州東照宮 (紀州東照宮 朱塗りの楼門と侍坂の108段の石段) → 候補3枚
✓ wakayama-shirahama-sea #1 白良浜 (白良浜の白い石英砂の浜とエメラルドグリーンの遠浅の海) → 候補4枚
✓ wakayama-shirahama-sea #2 円月島(高嶋) (中央に円い海食洞が貫通した円月島のシルエットと夕焼け空) → 候補4枚
✓ wakayama-shirahama-sea #3 千畳敷 (海へ階段状にせり出す千畳敷の白い砂岩盤と畳目状の地層) → 候補4枚
✓ wakayama-shirahama-sea #4 三段壁 (海面から垂直に切り立つ三段壁の柱状節理の断崖と砕ける波) → 候補4枚
✓ wakayama-shirahama-sea #5 平草原公園 (平草原公園の高台から見下ろす白浜の海岸線と紀伊水道のパノラマ) → 候補1枚
✓ nagoya-castle-honmaru-course #1 名古屋城 (名古屋城 大天守の屋根に輝く一対の金鯱) → 候補4枚
✓ nagoya-castle-honmaru-course #2 名古屋城 本丸御殿 (本丸御殿 玄関車寄の唐破風とこけら葺きの屋根) → 候補1枚
✓ nagoya-castle-honmaru-course #3 名城公園 (名城公園 おふけ池の水辺ごしに天守が見える芝生広場) → 候補4枚
✓ nagoya-castle-honmaru-course #4 愛知県庁本庁舎 (愛知県庁本庁舎 中央に瓦屋根の塔屋を載せた帝冠様式の正面外観) → 候補4枚
✓ nagoya-castle-honmaru-course #5 名古屋市役所本庁舎 (名古屋市役所本庁舎 中央にそびえる時計塔と頂部の鯱) → 候補4枚
✗ aichi-arimatsu-shibori #1 有松の古い町並み (有松本通り沿いに連なる虫籠窓と卯建を持つ黒漆喰塗籠造の絞商町家の家並み) → 候補0枚
✓ aichi-arimatsu-shibori #2 有松・鳴海絞会館 (有松・鳴海絞会館の二階で工芸士が布を糸でくくり絞り染めを実演する手元) → 候補4枚
✓ aichi-arimatsu-shibori #3 服部家住宅（井桁屋） (服部家住宅(井桁屋)の広い間口・連子格子と二階の虫籠窓・卯建のある町家正面) → 候補4枚
✓ aichi-arimatsu-shibori #4 有松天満社 (有松天満社の社殿と社叢、石段の参道) → 候補4枚
✓ aichi-arimatsu-shibori #5 桶狭間古戦場公園 (桶狭間古戦場公園に立つ織田信長と今川義元の二体の像) → 候補4枚
✗ shizuoka-miho-shimizu #1 三保松原（羽衣の松） (三保松原の砂浜越しに望む富士山と羽衣の松) → 候補0枚
✗ shizuoka-miho-shimizu #2 御穂神社と神の道 (御穂神社へ続く松並木の参道「神の道」の木洩れ日) → 候補0枚
✗ shizuoka-miho-shimizu #3 清水港 水上バス（三保→日の出） (清水港を進む水上バスのデッキから望む富士山と港のクレーン) → 候補0枚
✓ shizuoka-miho-shimizu #4 エスパルスドリームプラザ (エスパルスドリームプラザの観覧車ドリームスカイと清水港の岸壁) → 候補4枚
✗ shizuoka-miho-shimizu #5 日本平 夢テラス (日本平夢テラスの木組みの展望回廊から見下ろす清水港と富士山) → 候補0枚
✓ shizuoka-sumpu-course #1 静岡市美術館 (葵タワー3階に入る静岡市美術館のガラス張りエントランスと交流ゾーン) → 候補4枚
✓ shizuoka-sumpu-course #2 駿府城公園 (駿府城公園 東御門と巽櫓の白壁・瓦屋根を堀越しに望む景) → 候補4枚
✓ shizuoka-sumpu-course #3 静岡浅間神社 (静岡浅間神社 総漆塗り極彩色の大拝殿の楼閣造) → 候補4枚
✓ shizuoka-sumpu-course #4 紺屋町 (紺屋町名店街の紺色に塗られた街路灯が並ぶ通り) → 候補4枚
✗ shizuoka-sumpu-course #5 青葉シンボルロード／青葉おでん街 (青葉おでん街のビルの谷間に連なる無数の赤提灯) → 候補0枚
✓ fukuoka-itoshima-sea #1 桜井二見ヶ浦（夫婦岩） (桜井二見ヶ浦の白い鳥居と沖合に寄り添う夫婦岩) → 候補2枚
✗ fukuoka-itoshima-sea #2 パームビーチ・ザ・ガーデンズ（SURF SIDE CAFE） (SURF SIDE CAFEの大窓越しに広がる二見ヶ浦の海岸線) → 候補0枚
✓ fukuoka-itoshima-sea #3 芥屋の大門 (海上から見上げる芥屋の大門の玄武岩柱状節理の洞口) → 候補2枚
✗ fukuoka-itoshima-sea #4 可也山（糸島富士） (麓から仰ぐ可也山の富士に似た円錐形のシルエット) → 候補0枚
✓ fukuoka-itoshima-sea #5 櫻井神社 (木立に囲まれた櫻井神社の社殿と参道) → 候補4枚
✓ fukuoka-itoshima-sea #6 白糸の滝 (岩肌を幾筋にも分かれて落ちる白糸の滝の流れ) → 候補4枚
✗ fukuoka-yanagawa-kudari #1 柳川の掘割（どんこ舟の川下り） (柳川の掘割を低い石橋の下へくぐり抜けていく、棹を立てた船頭とどんこ舟) → 候補0枚
✓ fukuoka-yanagawa-kudari #2 三柱神社 (三柱神社の長い参道と並木に続く鳥居) → 候補4枚
✓ fukuoka-yanagawa-kudari #3 柳川藩主立花邸 御花 (御花 松濤園の池に映る松と、池畔に建つ大広間) → 候補4枚
✓ fukuoka-yanagawa-kudari #4 北原白秋生家・記念館 (なまこ壁が続く白秋生家の外観と、その前を流れる掘割) → 候補2枚
✓ fukuoka-yanagawa-kudari #5 沖端水天宮 (掘割の水際に立つ沖端水天宮の社と、横を流れる水路) → 候補4枚
✓ hokkaido-hakodate-night #1 金森赤レンガ倉庫 (金森赤レンガ倉庫の運河沿いに並ぶ赤レンガ倉庫群と水面の映り込み) → 候補4枚
✓ hokkaido-hakodate-night #2 八幡坂 (八幡坂の頂部から港へ一直線に下る石畳と、その先に浮かぶ摩周丸) → 候補4枚
✓ hokkaido-hakodate-night #3 函館ハリストス正教会 (函館ハリストス正教会の白漆喰壁と緑青屋根、連なる丸屋根と鐘楼) → 候補4枚
✓ hokkaido-hakodate-night #4 函館山展望台 (函館山展望台から見下ろす、両側を海に挟まれたくびれ型の函館夜景) → 候補4枚
✓ hokkaido-asahiyama-zoo #1 旭山動物園 (あざらし館の円柱水槽（マリンウェイ）を垂直に泳ぐアザラシ) → 候補4枚
✓ hokkaido-asahiyama-zoo #2 旭川市科学館サイパル (サイパルのマイナス30度を体感できる低温体験室) → 候補2枚
✗ hokkaido-asahiyama-zoo #3 あさひかわ北彩都ガーデン (旭川駅南口に直結し忠別川沿いに広がる北彩都ガーデンの花畑と駅舎) → 候補0枚
✓ hokkaido-asahiyama-zoo #4 常磐公園 (常磐公園・千鳥ヶ池の貸しボートと水辺) → 候補4枚
✓ hokkaido-asahiyama-zoo #5 旭橋 (石狩川に架かる旭橋の鋼製アーチ橋) → 候補4枚
✓ hiroshima-onomichi-slope #1 千光寺山ロープウェイ (千光寺山ロープウェイのゴンドラ車窓から見下ろす尾道水道と瓦屋根の家並み) → 候補4枚
✗ hiroshima-onomichi-slope #2 千光寺頂上展望台 PEAK (白い反り上がった展望デッキ越しに尾道水道としまなみ海道の橋を望む千光寺頂上展望台PEAKの眺め) → 候補0枚
✓ hiroshima-onomichi-slope #3 千光寺 (断崖にせり出して建つ千光寺の朱塗りの本堂(赤堂)と巨岩・玉の岩) → 候補4枚
✓ hiroshima-onomichi-slope #4 猫の細道 (塀や植木鉢に置かれた丸い石の福石猫が並ぶ尾道・猫の細道の細い石段の路地) → 候補4枚
✓ hiroshima-onomichi-slope #5 浄土寺 (嘉暦三年建立の国宝・浄土寺多宝塔と本堂、境内に集まる白鳩) → 候補4枚
✓ gunma-ikaho-stone-steps #1 伊香保温泉 石段街 (伊香保温泉 石段街の石段と両脇に並ぶ温泉旅館の連なり（段数表示のある石段を見上げる構図）) → 候補4枚
✓ gunma-ikaho-stone-steps #2 伊香保神社 (伊香保神社の社殿と、その手前から石段街を見下ろす視点（鳥居越しに谷へ落ちる石段）) → 候補4枚
✓ gunma-ikaho-stone-steps #3 河鹿橋 (河鹿橋の朱塗りの太鼓橋と、それを取り囲む渓谷のもみじ) → 候補1枚
✓ gunma-ikaho-stone-steps #4 伊香保ロープウェイ (伊香保ロープウェイのゴンドラと、見晴駅展望台から望む赤城山方面の山並み) → 候補4枚
✗ gunma-ikaho-stone-steps #5 五徳山 水澤寺（水澤観音） (水澤寺の六角二重塔（六角堂）の朱塗りの建築) → 候補0枚
✓ saitama-chichibu-nature #1 羊山公園 芝桜の丘 (羊山公園の芝桜の丘から武甲山を望む花の斜面) → 候補4枚
✓ saitama-chichibu-nature #2 秩父神社 (秩父神社社殿の彫刻「つなぎの龍」) → 候補4枚
✓ saitama-chichibu-nature #3 長瀞 岩畳 (長瀞の岩畳と荒川、対岸の秩父赤壁の岩壁) → 候補4枚
✗ saitama-chichibu-nature #4 宝登山ロープウェイと宝登山神社奥宮 (宝登山山頂のロウバイ園と眼下に広がる秩父盆地) → 候補0枚
✓ saitama-chichibu-nature #5 三峯神社 (三峯神社の随身門と狼（お犬さま）の狛犬、霧の杉参道) → 候補4枚
✓ saitama-chichibu-nature #6 札所三十一番 観音院 (観音院の聖浄の滝と岩壁に刻まれた鷲窟磨崖仏) → 候補3枚
✓ tokyo-yanesen-walk #1 根津神社 (根津神社 乙女稲荷の朱塗り千本鳥居が斜面に連なる景) → 候補4枚
✓ tokyo-yanesen-walk #2 SCAI THE BATHHOUSE (SCAI THE BATHHOUSE 瓦屋根と煙突を残す元銭湯の白い外観) → 候補3枚
✗ tokyo-yanesen-walk #3 観音寺の築地塀 (観音寺の築地塀 瓦と土を交互に積んだ練り塀の続く路地) → 候補0枚
✓ tokyo-yanesen-walk #4 谷中霊園 (谷中霊園 さくら通りの桜並木がトンネルをつくる中央園路) → 候補4枚
✓ tokyo-yanesen-walk #5 夕やけだんだん (夕やけだんだんの階段上から見下ろす谷中銀座商店街と夕空) → 候補2枚
✓ tokyo-yanesen-walk #6 谷中銀座商店街 (谷中銀座商店街 個人商店の幟が連なる昭和の風情の通り) → 候補4枚
