✓ kyoto-toji-temple #1 東寺 南大門 (東寺 南大門の正面) → 候補4枚
✗ kyoto-toji-temple #2 東寺 五重塔 (東寺 五重塔の全景) → 候補0枚
✓ kyoto-toji-temple #3 東寺 金堂 (東寺 金堂の外観) → 候補4枚
✓ kyoto-toji-temple #4 東寺 講堂（立体曼荼羅） (東寺 講堂の外観) → 候補4枚
✓ kyoto-toji-temple #5 東寺 御影堂（大師堂） (東寺 御影堂（大師堂）の外観) → 候補4枚
✓ kyoto-daigoji #1 三宝院庭園 (醍醐寺 三宝院庭園 表書院から望む池泉と藤戸石の石組) → 候補4枚
✓ kyoto-daigoji #2 仁王門（西大門） (醍醐寺 仁王門（西大門）朱塗りの楼門正面) → 候補2枚
✓ kyoto-daigoji #3 醍醐寺 金堂 (醍醐寺 金堂 大きく反る本瓦葺の屋根を持つ堂の外観) → 候補4枚
✗ kyoto-daigoji #4 醍醐寺 五重塔 (醍醐寺 五重塔 相輪が長い国宝五重塔の全景) → 候補0枚
✓ kyoto-daigoji #5 弁天堂 (醍醐寺 弁天堂 弁天池（林泉）の水面に映る朱塗りの堂) → 候補4枚
✓ kyoto-kamo-shrines #1 上賀茂神社（賀茂別雷神社） (上賀茂神社 細殿前の二つの立砂（円錐形に盛られた砂）) → 候補4枚
✗ kyoto-kamo-shrines #2 社家町と明神川 (上賀茂 社家町 明神川沿いに続く土塀と石橋) → 候補0枚
✓ kyoto-kamo-shrines #3 糺の森 (糺の森 巨木が覆う緑のトンネルの表参道) → 候補2枚
✓ kyoto-kamo-shrines #4 河合神社 (河合神社 朱塗りの社殿と並んだ手鏡形の鏡絵馬) → 候補4枚
✓ kyoto-kamo-shrines #5 下鴨神社（賀茂御祖神社） (下鴨神社 朱塗りの楼門の全景) → 候補2枚
✗ kyoto-kamo-shrines #6 賀茂大橋と鴨川デルタ (鴨川デルタ 賀茂川と高野川の合流点に並ぶ亀形の飛び石) → 候補0枚
✓ nara-tanzan-shrine #1 十三重塔 (談山神社 十三重塔の全景（檜皮葺の十三層塔）) → 候補2枚
✓ nara-tanzan-shrine #2 拝殿 (談山神社 拝殿の朱塗り舞台造と外周を巡る吊り灯籠) → 候補4枚
✓ nara-tanzan-shrine #3 本殿 (談山神社 本殿の極彩色の社殿（春日造）) → 候補4枚
✓ nara-tanzan-shrine #4 東殿(恋神社) (談山神社 東殿(恋神社)の社殿と結びの磐座) → 候補3枚
✗ nara-tanzan-shrine #5 けまりの庭 (談山神社 けまりの庭（拝殿前の平地）と紅葉) → 候補0枚
✗ nara-muroji #1 太鼓橋（表門） (室生寺 室生川に架かる朱塗りの太鼓橋と表門) → 候補0枚
✓ nara-muroji #2 仁王門 (室生寺 朱塗りの仁王門と金剛力士像) → 候補4枚
✓ nara-muroji #3 鎧坂 (室生寺 自然石を積んだ鎧坂の石段と石楠花) → 候補3枚
✓ nara-muroji #4 室生寺 金堂 (室生寺 斜面に建つ金堂の正面と懸造) → 候補4枚
✓ nara-muroji #5 室生寺 五重塔 (室生寺 杉木立に立つ檜皮葺の五重塔の全景) → 候補3枚
✓ nara-muroji #6 弥勒堂 (室生寺 こけら葺の弥勒堂の外観) → 候補4枚
✓ hyogo-takeda-castle #1 竹田城跡 (竹田城跡 南千畳の石垣と雲海に浮かぶ天守台の全景) → 候補4枚
✗ hyogo-takeda-castle #2 立雲峡 (立雲峡 第1展望台から望む雲海に浮かぶ竹田城跡) → 候補0枚
✓ hyogo-takeda-castle #3 竹田駅 (竹田駅 黒瓦の木造駅舎と背後の古城山) → 候補4枚
✓ hyogo-takeda-castle #4 表米神社 (表米神社 半円形に石積みされた相撲桟敷) → 候補2枚
✓ hyogo-takeda-castle #5 寺町通り (竹田 寺町通りの白壁の塀と錦鯉の泳ぐ小川) → 候補4枚
✓ hyogo-takeda-castle #6 山城の郷 (山城の郷から見上げる古城山と竹田城跡の遠景) → 候補1枚
✓ hyogo-awaji-akashi #1 明石海峡大橋 (明石海峡大橋の主塔と吊りケーブルを海越しに見上げた全景) → 候補4枚
✓ hyogo-awaji-akashi #2 道の駅あわじ (明石海峡大橋を真下から仰ぐ道の駅あわじの芝生広場と橋桁) → 候補4枚
✓ hyogo-awaji-akashi #3 絵島 (岩屋港の海に浮かぶ絵島の縞模様の岩肌と松) → 候補4枚
✓ hyogo-awaji-akashi #4 兵庫県立公園 あわじ花さじき (あわじ花さじきの斜面を埋める菜の花畑と眼下の大阪湾) → 候補4枚
✓ hyogo-awaji-akashi #5 道の駅福良（うずしおドームなないろ館） (福良港に面した道の駅福良うずしおドームなないろ館の外観と港) → 候補4枚
✗ hyogo-awaji-akashi #6 うずしおクルーズ（福良港発） (鳴門海峡で渦潮の真上に近づくうずしおクルーズの観潮船) → 候補0枚
✗ shiga-biwako-terrace #1 びわ湖バレイ ロープウェイ (琵琶湖バレイのロープウェイゴンドラと眼下に広がる琵琶湖の湖面) → 候補0枚
✗ shiga-biwako-terrace #2 びわ湖テラス（打見山 THE MAIN／North Terrace） (びわ湖テラス打見山の弧を描く展望デッキと水盤に映る琵琶湖) → 候補0枚
✗ shiga-biwako-terrace #3 蓬莱山 山頂エリア (蓬莱山山頂の草地の稜線と眼下に広がる琵琶湖の眺望) → 候補0枚
✗ shiga-biwako-terrace #4 Café 360（蓬莱山 山頂） (蓬莱山山頂のCafé 360のデッキと360度に開けた琵琶湖の眺め) → 候補0枚
✗ shiga-biwako-terrace #5 ジップラインアドベンチャー (びわ湖バレイ山上のジップラインで琵琶湖を背に滑空する様子) → 候補0枚
✓ wakayama-kimiidera-wakaura #1 紀三井寺 (紀三井寺の石段越しに見える和歌浦湾の眺望) → 候補4枚
✓ wakayama-kimiidera-wakaura #2 玉津島神社 (玉津島神社の朱の鳥居と背後の奠供山) → 候補4枚
✓ wakayama-kimiidera-wakaura #3 和歌浦天満宮 (和歌浦天満宮の楼門から見下ろす和歌浦の入江) → 候補4枚
✗ wakayama-kimiidera-wakaura #4 和歌の浦（片男波） (片男波の細長い砂洲と和歌浦湾の干潟) → 候補0枚
✓ wakayama-kimiidera-wakaura #5 雑賀崎漁港 (雑賀崎の急斜面に密集する漁村集落と漁港) → 候補4枚
✓ aichi-korankei #1 待月橋 (香嵐渓 待月橋の朱塗りの橋と巴川に映る紅葉) → 候補4枚
✓ aichi-korankei #2 香嵐渓 (香嵐渓 巴川沿いの遊歩道を覆う紅葉のトンネル) → 候補4枚
✓ aichi-korankei #3 香積寺 (香積寺の苔むした石段の参道と杉木立) → 候補4枚
✓ aichi-korankei #4 飯盛山 (飯盛山の紅葉に染まる円錐形の山容) → 候補4枚
✓ aichi-korankei #5 三州足助屋敷 (三州足助屋敷の茅葺き農家と実演する職人) → 候補4枚
✓ aichi-okazaki-castle #1 岡崎城 (岡崎城 復興天守の全景（三層五階の白い天守）) → 候補4枚
✓ aichi-okazaki-castle #2 龍城神社 (龍城神社の社殿と鳥居（岡崎城本丸に建つ拝殿）) → 候補4枚
✓ aichi-okazaki-castle #3 三河武士のやかた家康館 (三河武士のやかた家康館の外観（岡崎公園内の展示館建物）) → 候補4枚
✓ aichi-okazaki-castle #4 大樹寺 (大樹寺の総門から岡崎城天守を望むビスタラインの眺望) → 候補4枚
✓ aichi-okazaki-castle #5 カクキュー八丁味噌（八丁味噌の郷） (カクキュー八丁味噌の仕込み蔵（木桶に円錐状に石を積んだ味噌桶）) → 候補4枚
✓ shizuoka-fujinomiya #1 富士山本宮浅間大社 (富士山本宮浅間大社の朱塗りの楼門と背後にそびえる富士山) → 候補4枚
✓ shizuoka-fujinomiya #2 湧玉池 (湧玉池の透明な水面と水底から湧く湧水・奥に建つ朱の社殿) → 候補4枚
✓ shizuoka-fujinomiya #3 白糸の滝 (白糸の滝の湾曲した崖一面から絹糸のように流れ落ちる無数の水筋) → 候補4枚
✓ shizuoka-fujinomiya #4 田貫湖 (田貫湖の湖面に映る逆さ富士と対岸にそびえる富士山) → 候補4枚
✓ shizuoka-fujinomiya #5 静岡県富士山世界遺産センター (静岡県富士山世界遺産センターの逆円錐の木格子の外観と前面の水盤に映る逆さ富士) → 候補4枚
✗ shizuoka-oigawa-sumata #1 大井川鐵道のSL（新金谷駅発） (茶畑の中を黒煙を上げて走る大井川鐵道の蒸気機関車) → 候補0枚
✗ shizuoka-oigawa-sumata #2 寸又峡 夢のつり橋 (翡翠色の湖面に架かる寸又峡 夢のつり橋（夢の吊橋）の全景) → 候補0枚
✓ shizuoka-oigawa-sumata #3 奥大井湖上駅 (接岨湖に突き出す奥大井湖上駅と赤い奥大井レインボーブリッジを高台から見下ろした景観) → 候補4枚
✗ shizuoka-oigawa-sumata #4 接岨峡 八橋小道（ラブ・ロマンス・ロード） (接岨峡の渓谷に架かる八橋小道の吊橋と紅葉) → 候補0枚
✗ shizuoka-oigawa-sumata #5 塩郷の吊橋（久野脇橋） (大井川と真下の線路をまたぐ塩郷の吊橋（久野脇橋）の全景) → 候補0枚
✗ hokkaido-toyako #1 洞爺湖（中島・洞爺湖汽船） (洞爺湖の湖面に浮かぶ中島の全景と背後の山並み) → 候補0枚
✓ hokkaido-toyako #2 昭和新山 (昭和新山の赤茶色の溶岩ドームと立ちのぼる白い噴煙) → 候補4枚
✗ hokkaido-toyako #3 有珠山ロープウェイ・火口原展望台 (有珠山火口原展望台から見た噴気を上げる火口) → 候補0枚
✓ hokkaido-toyako #4 サイロ展望台 (サイロ展望台から見渡す洞爺湖と中島・遠景の有珠山) → 候補4枚
✓ hokkaido-toyako #5 洞爺湖温泉街 (夜の洞爺湖温泉街と湖上に上がる花火) → 候補4枚
✓ hokkaido-shiretoko #1 知床五湖 (知床五湖 一湖の水面に映る雪をいただいた知床連山と高架木道) → 候補4枚
✓ hokkaido-shiretoko #2 オシンコシンの滝 (オシンコシンの滝 岩肌を二筋に分かれて落ちる滝の全景) → 候補3枚
✓ hokkaido-shiretoko #3 知床峠 (知床峠から望む羅臼岳の山容) → 候補4枚
✓ hokkaido-shiretoko #4 フレペの滝 (フレペの滝 オホーツク海に面した断崖を伝い落ちる細い流れ) → 候補4枚
✗ hokkaido-shiretoko #5 ウトロ港(知床岬クルーズ) (ウトロ港から望む知床半島の断崖海岸とオホーツク海) → 候補0枚
✓ kagoshima-kirishima #1 霧島神宮 (霧島神宮 朱塗りの社殿の全景と石段) → 候補4枚
✓ kagoshima-kirishima #2 高千穂峰 (高千穂峰の円錐形の山容と山頂の天逆鉾) → 候補4枚
✓ kagoshima-kirishima #3 丸尾滝 (丸尾滝 簾状に広がって落ちる滝と青みを帯びた滝つぼ) → 候補2枚
✓ kagoshima-kirishima #4 霧島温泉郷（丸尾温泉） (丸尾温泉の集落から立ちのぼる湯けむりと温泉街) → 候補4枚
✓ kagoshima-kirishima #5 えびの高原 (えびの高原 不動池のコバルトブルーの湖面と韓国岳) → 候補4枚
