✓ tokyo-takao-mountain #1 高尾登山電鉄ケーブルカー (高尾山ケーブルカーの赤い『もみじ』号と急勾配の線路) → 候補4枚
✗ tokyo-takao-mountain #2 蛸杉（たこ杉）と開運ひっぱり蛸 (蛸の足のように曲がりくねった蛸杉の根と幹) → 候補0枚
✓ tokyo-takao-mountain #3 高尾山薬王院（有喜寺） (高尾山薬王院 御本社（権現堂）の朱塗りの社殿と天狗像) → 候補2枚
✗ tokyo-takao-mountain #4 高尾山さる園・野草園 (高尾山さる園のニホンザルの群れ) → 候補0枚
✗ tokyo-takao-mountain #5 高尾山山頂（大見晴園地） (高尾山山頂の展望台から望む富士山) → 候補0枚
✗ tokyo-shibamata-walk #1 帝釈天参道（神明会） (柴又帝釈天参道の石畳と軒を連ねる団子屋・川魚店の連なり) → 候補0枚
✓ tokyo-shibamata-walk #2 柴又帝釈天（題経寺） (柴又帝釈天 帝釈堂を覆う木彫りと屋根付き彫刻ギャラリー回廊) → 候補4枚
✓ tokyo-shibamata-walk #3 山本亭 (山本亭の座敷から眺める滝と池のある書院庭園) → 候補4枚
✓ tokyo-shibamata-walk #4 矢切の渡し (江戸川を渡る矢切の渡しの木造渡し舟と船頭) → 候補4枚
✗ tokyo-shibamata-walk #5 葛飾柴又寅さん記念館・山田洋次ミュージアム (寅さん記念館に再現された映画「くるまや」団子屋の茶の間セット) → 候補0枚
✓ tokyo-tachikawa-showa #1 多摩都市モノレール 立川北駅 (多摩都市モノレールの高架軌道を走る車両と立川駅前の街並み) → 候補4枚
✓ tokyo-tachikawa-showa #2 みんなの原っぱ (みんなの原っぱ中央に枝を広げる大ケヤキと広大な芝生) → 候補2枚
✓ tokyo-tachikawa-showa #3 こどもの森 (こどもの森の白いふわふわドーム雲の海で遊ぶ子どもたち) → 候補4枚
✓ tokyo-tachikawa-showa #4 渓流広場 (渓流広場のチューリップ花壇と浅い流れの水辺) → 候補4枚
✓ tokyo-tachikawa-showa #5 日本庭園 (日本庭園の池に張り出した清池軒と水面の映り込み) → 候補4枚
✓ tokyo-fukagawa-walk #1 清澄庭園 (清澄庭園の大泉水と石組み・水際の飛び石) → 候補4枚
✓ tokyo-fukagawa-walk #2 木場公園 (木場公園大橋のアーチ越しに望む東京スカイツリー) → 候補4枚
✓ tokyo-fukagawa-walk #3 深川不動堂 (深川不動堂 梵字で埋め尽くされた黒い本堂の外壁) → 候補4枚
✓ tokyo-fukagawa-walk #4 富岡八幡宮 (富岡八幡宮の社殿と参道の石鳥居) → 候補4枚
✗ tokyo-fukagawa-walk #5 門前仲町（仲町通り・辰巳新道） (門前仲町 仲町通り商店街のアーチと提灯が連なる通り) → 候補0枚
✗ osaka-minoo-falls #1 阪急箕面駅と滝道の入口 (阪急箕面駅前から滝道入口へ続く、土産物店と紅葉のアーケード状の街並み) → 候補0枚
✓ osaka-minoo-falls #2 瀧安寺 (箕面川にかかる瀧安寺の朱塗りの瑞雲橋と、紅葉に包まれた観音堂) → 候補2枚
✗ osaka-minoo-falls #3 箕面川の渓谷と唐人戻岩 (箕面川の渓流に覆いかぶさる紅葉のトンネルと、川辺に立つ唐人戻岩) → 候補0枚
✓ osaka-minoo-falls #4 箕面公園昆虫館 (箕面公園昆虫館のドーム型放蝶園の内部、舞うチョウと緑) → 候補1枚
✓ osaka-minoo-falls #5 箕面大滝 (箕面大滝の落差33mの白い一筋と、それを取り囲む紅葉の渓谷) → 候補3枚
✓ osaka-shitennoji-walk #1 四天王寺 (四天王寺 中心伽藍の朱塗りの五重塔と金堂) → 候補4枚
✗ osaka-shitennoji-walk #2 四天王寺 亀の池と石舞台 (四天王寺 亀の池の中央に架かる石橋と石舞台) → 候補0枚
✓ osaka-shitennoji-walk #3 一心寺 (一心寺の現代建築の仁王門(金属製の山門)) → 候補4枚
✓ osaka-shitennoji-walk #4 安居神社 (安居神社 境内の真田幸村戦死跡之碑と像) → 候補2枚
✓ osaka-shitennoji-walk #5 堀越神社 (堀越神社 緑に囲まれた社殿と参道の鳥居) → 候補4枚
✓ kyoto-kurama-kibune #1 叡山電車（鞍馬線） (もみじのトンネルを抜ける叡山電車きらら号と、両脇から覆いかぶさるもみじの枝葉) → 候補3枚
✓ kyoto-kurama-kibune #2 鞍馬寺 (鞍馬寺 本殿金堂前の三角形の石畳「金剛床」と、その奥に立つ本殿) → 候補3枚
✗ kyoto-kurama-kibune #3 鞍馬山（木の根道・奥の院） (鞍馬山の木の根道で、地表を網目状に這う杉の太い根) → 候補0枚
✓ kyoto-kurama-kibune #4 貴船神社 (貴船神社 本宮へ続く石段の両脇に連なる朱塗りの春日灯籠) → 候補4枚
✗ kyoto-kurama-kibune #5 貴船川の川床 (貴船川の水面すれすれに組まれた川床の桟敷と、その下を流れる清流) → 候補0枚
✓ kyoto-ohara-sanzen #1 三千院 (三千院 有清園の苔庭に建つ往生極楽院の屋根) → 候補4枚
✓ kyoto-ohara-sanzen #2 来迎院 (来迎院 杉木立に囲まれた本堂の外観) → 候補4枚
✓ kyoto-ohara-sanzen #3 宝泉院 (宝泉院 盤桓園の額縁庭園と樹齢700年の五葉松) → 候補4枚
✓ kyoto-ohara-sanzen #4 寂光院 (寂光院 苔むした石段と山門) → 候補4枚
✗ kyoto-ohara-sanzen #5 大原の里(赤紫蘇畑と棚田) (大原の里に広がる赤紫蘇畑と段々の棚田) → 候補0枚
✓ hyogo-nishinomiya-koshien #1 阪神甲子園球場 (阪神甲子園球場 蔦に覆われた外壁とスタンド外観) → 候補4枚
✓ hyogo-nishinomiya-koshien #2 甲子園歴史館 (甲子園プラスの建物外観と甲子園歴史館の入口サイン) → 候補4枚
✓ hyogo-nishinomiya-koshien #3 西宮神社（えびす宮総本社） (西宮神社の朱塗りの表大門（赤門）) → 候補1枚
✓ hyogo-nishinomiya-koshien #4 門戸厄神 東光寺 (門戸厄神東光寺の表門と石段（厄除けの寺の参道）) → 候補4枚
✓ hyogo-nishinomiya-koshien #5 夙川河川敷緑地（夙川公園） (夙川沿いに連なる満開の桜並木と川面) → 候補4枚
✓ hyogo-nishinomiya-koshien #6 酒ミュージアム（白鹿記念酒造博物館） (白鹿記念酒造博物館 酒蔵館の白壁と瓦屋根の蔵の外観) → 候補2枚
✓ hyogo-rokko-maya-night #1 摩耶山 掬星台 (摩耶山掬星台から見下ろす神戸市街と大阪湾の夜景パノラマ) → 候補4枚
✗ hyogo-rokko-maya-night #2 まやビューライン（摩耶ケーブル・摩耶ロープウェー） (摩耶ケーブルの赤い車体が急斜面を登る情景) → 候補0枚
✗ hyogo-rokko-maya-night #3 六甲ケーブル 天覧台 (六甲ケーブル天覧台から望む神戸の夜景と六甲山上駅舎) → 候補0枚
✓ hyogo-rokko-maya-night #4 六甲ガーデンテラス（見晴らしの塔） (六甲ガーデンテラスの見晴らしの塔(城のような石造りの展望塔)) → 候補4枚
✗ hyogo-rokko-maya-night #5 自然体感展望台 六甲枝垂れ (六甲枝垂れのヒノキフレームが組み上がった展望建築の外観) → 候補0枚
✓ hyogo-rokko-maya-night #6 ビーナスブリッジ (ビーナスブリッジの8の字螺旋ループ橋と神戸の夜景) → 候補4枚
✓ nara-horyuji-course #1 藤ノ木古墳 (藤ノ木古墳の円墳と石室を覆う覆屋の外観) → 候補4枚
✓ nara-horyuji-course #2 法隆寺 (法隆寺西院伽藍の五重塔と金堂) → 候補4枚
✓ nara-horyuji-course #3 中宮寺 (中宮寺本堂の外観と前庭) → 候補4枚
✓ nara-horyuji-course #4 法輪寺 (法輪寺の三重塔と境内) → 候補4枚
✓ nara-horyuji-course #5 法起寺 (田畑に囲まれて立つ法起寺の三重塔) → 候補4枚
✓ nara-yoshino-walk #1 金峯山寺 蔵王堂 (金峯山寺 蔵王堂の檜皮葺き入母屋屋根と白壁の堂宇) → 候補4枚
✓ nara-yoshino-walk #2 吉水神社 一目千本 (吉水神社 一目千本の展望から見た桜に覆われた向かいの尾根) → 候補2枚
✓ nara-yoshino-walk #3 如意輪寺 (如意輪寺の本堂と背後の山に抱かれた後醍醐天皇陵) → 候補4枚
✓ nara-yoshino-walk #4 上千本 (上千本の斜面を白く埋めるシロヤマザクラの群生) → 候補4枚
✓ nara-yoshino-walk #5 花矢倉展望台 (花矢倉展望台から見下ろす桜に埋まる吉野の尾根と蔵王堂) → 候補3枚
✓ aichi-inuyama-castle #1 三光稲荷神社 (三光稲荷神社のずらりと連なる朱色の鳥居と城山) → 候補4枚
✓ aichi-inuyama-castle #2 国宝 犬山城 (木曽川の断崖の上にそびえる犬山城の白い天守) → 候補4枚
✗ aichi-inuyama-castle #3 日本庭園 有楽苑（国宝茶室 如庵） (有楽苑の庭にたたずむ茅葺き屋根の国宝茶室 如庵) → 候補0枚
✗ aichi-inuyama-castle #4 犬山城下町 本町通り (本町通りの黒格子の町家越しに見える犬山城天守) → 候補0枚
✓ aichi-inuyama-castle #5 どんでん館 (どんでん館の館内に展示された三層構造の犬山祭の車山) → 候補3枚
✗ aichi-tokoname-walk #1 やきもの散歩道（出発点・陶磁器会館） (やきもの散歩道の丘に立ち並ぶ煉瓦造りの煙突群) → 候補0枚
✓ aichi-tokoname-walk #2 土管坂 (壁面を土管で埋めた土管坂の坂道と陶片の敷石) → 候補3枚
✓ aichi-tokoname-walk #3 廻船問屋 瀧田家 (黒い板塀をめぐらせた廻船問屋瀧田家の町家外観) → 候補4枚
✗ aichi-tokoname-walk #4 登窯（陶榮窯） (斜面に連なる陶榮窯の登窯と高さの違う十本の煙突) → 候補0枚
✓ aichi-tokoname-walk #5 INAXライブミュージアム (INAXライブミュージアムの煉瓦造り建築と土管を積んだ外観) → 候補4枚
✗ aichi-tokoname-walk #6 とこなめ招き猫通り（とこにゃん） (擁壁の上から顔をのぞかせる巨大招き猫とこにゃん) → 候補0枚
✓ shizuoka-hamamatsu-hamanako #1 浜松城 (浜松城の天守閣と野面積みの石垣) → 候補4枚
✗ shizuoka-hamamatsu-hamanako #2 浜名湖オルゴールミュージアム／かんざんじロープウェイ (浜名湖の湖上を渡るかんざんじロープウェイのゴンドラ) → 候補0枚
✗ shizuoka-hamamatsu-hamanako #3 弁天島の赤鳥居 (浜名湖の干潟いかり瀬に立つ弁天島の赤鳥居) → 候補0枚
✓ shizuoka-hamamatsu-hamanako #4 中田島砂丘 (中田島砂丘の風紋と遠州灘の海) → 候補4枚
✓ shizuoka-hamamatsu-hamanako #5 龍潭寺 (龍潭寺の名勝庭園 築山と石組み) → 候補3枚
✓ shizuoka-shuzenji-onsen #1 修禅寺 (修禅寺の山門と石段、本堂) → 候補2枚
✓ shizuoka-shuzenji-onsen #2 竹林の小径 (竹林の小径の石畳と円形の竹ベンチ、天を覆う竹) → 候補4枚
✓ shizuoka-shuzenji-onsen #3 独鈷の湯 (桂川の川中に建つ独鈷の湯の湯屋) → 候補3枚
✗ shizuoka-shuzenji-onsen #4 桂川と恋の橋めぐり (桂川に架かる朱塗りの渡月橋（みそめ橋）) → 候補0枚
✗ shizuoka-shuzenji-onsen #5 指月殿と源頼家の墓 (指月殿の木造仏堂の外観と石段) → 候補0枚
✓ shizuoka-shuzenji-onsen #6 修善寺虹の郷 (修善寺虹の郷の園内を走るミニ鉄道と英国村の建物) → 候補4枚
✓ fukuoka-kokura-castle #1 八坂神社（小倉祇園 八坂神社） (小倉祇園八坂神社の木造の東楼門と花崗岩の石鳥居) → 候補4枚
✓ fukuoka-kokura-castle #2 小倉城 (唐造りの白い天守と石垣) → 候補3枚
✓ fukuoka-kokura-castle #3 小倉城庭園 (小倉城庭園の書院から望む池泉と天守) → 候補4枚
✓ fukuoka-kokura-castle #4 リバーウォーク北九州・紫川 (紫川の水鳥の橋とリバーウォーク北九州の色壁、川越しの小倉城) → 候補2枚
✓ fukuoka-kokura-castle #5 旦過市場 (旦過市場の細い通りに並ぶ鮮魚店と惣菜店) → 候補4枚
✓ fukuoka-munakata-taisha #1 宗像大社 辺津宮 (宗像大社辺津宮 本殿と拝殿の朱塗りの社殿) → 候補4枚
✓ fukuoka-munakata-taisha #2 宗像大社 神宝館 (宗像大社神宝館の建物外観) → 候補4枚
✓ fukuoka-munakata-taisha #3 宗像大社 高宮祭場 (高宮祭場 玉垣に囲まれた古代祭祀の聖地と杉木立) → 候補4枚
✓ fukuoka-munakata-taisha #4 鎮国寺 (鎮国寺 山門と本堂のたたずまい) → 候補4枚
✓ fukuoka-munakata-taisha #5 釣川 (釣川の河口・神湊港と玄界灘に浮かぶ大島の遠景) → 候補4枚
✓ hokkaido-furano-biei #1 ファーム富田 (ファーム富田 トラディショナルラベンダー畑の紫の帯と十勝岳連峰) → 候補4枚
✓ hokkaido-furano-biei #2 かんのファーム (かんのファーム 美馬牛峠の斜面を埋める帯状の花畑) → 候補4枚
✓ hokkaido-furano-biei #3 四季彩の丘 (四季彩の丘 丘の起伏に沿った帯状の花畑の縞模様) → 候補4枚
✓ hokkaido-furano-biei #4 パッチワークの路 (ケンとメリーの木 一本のポプラと美瑛の丘の農地) → 候補1枚
✓ hokkaido-furano-biei #5 白金 青い池 (白金 青い池の青い水面と立ち枯れのカラマツ) → 候補4枚
✓ hokkaido-noboribetsu-onsen #1 登別地獄谷 (登別地獄谷の灰白色の爆裂火口跡と立ちのぼる湯けむり) → 候補4枚
✓ hokkaido-noboribetsu-onsen #2 大湯沼 (大湯沼の灰黒色の水面と一面に立ちのぼる湯気) → 候補4枚
✗ hokkaido-noboribetsu-onsen #3 大湯沼川天然足湯 (森の中を流れる大湯沼川の足湯と湯けむりの立つ渓流) → 候補0枚
✓ hokkaido-noboribetsu-onsen #4 泉源公園 (泉源公園で高く噴き上がる間欠泉の湯柱) → 候補4枚
✓ hokkaido-noboribetsu-onsen #5 のぼりべつクマ牧場 (のぼりべつクマ牧場の四方嶺山頂展望台から望む太平洋と倶多楽湖の眺望とロープウェイ) → 候補2枚
✗ hiroshima-tomonoura-walk #1 鞆の浦 常夜燈 (鞆港の雁木に立つ石造りの常夜燈と背後の湾) → 候補0枚
✓ hiroshima-tomonoura-walk #2 福禅寺 対潮楼 (対潮楼の座敷から望む弁天島と仙酔島の瀬戸内海) → 候補4枚
✓ hiroshima-tomonoura-walk #3 いろは丸展示館 (港の水際に建つ白壁の蔵といろは丸展示館の外観) → 候補4枚
✗ hiroshima-tomonoura-walk #4 鞆の浦の町並み（西町） (格子戸と漆喰の蔵が連なる鞆の浦西町の細い路地) → 候補0枚
✓ hiroshima-tomonoura-walk #5 仙酔島 (鞆港の渡船場と仙酔島へ渡るレトロ船「平成いろは丸」) → 候補4枚
✓ wakayama-koyasan-course #1 大門 (高野山 大門の朱塗りの楼門と金剛力士像) → 候補3枚
✓ wakayama-koyasan-course #2 壇上伽藍 根本大塔 (高野山 壇上伽藍 根本大塔の朱の多宝塔) → 候補4枚
✓ wakayama-koyasan-course #3 金剛峯寺 (金剛峯寺 蟠龍庭の白砂と龍を表す石組み) → 候補4枚
✓ wakayama-koyasan-course #4 苅萱堂 (高野山 苅萱堂の朱塗りの堂宇の外観) → 候補3枚
✓ wakayama-koyasan-course #5 奥之院 (高野山 奥之院 杉木立の参道と立ち並ぶ墓碑群) → 候補4枚
✗ shiga-hieizan-enryakuji #1 坂本の里坊と穴太衆積みの石垣 (坂本の里坊を囲む穴太衆積みの自然石の石垣と土塀) → 候補0枚
✓ shiga-hieizan-enryakuji #2 坂本ケーブル (琵琶湖を見下ろす山腹を登る坂本ケーブルの車両) → 候補4枚
✗ shiga-hieizan-enryakuji #3 延暦寺 根本中堂（東塔） (杉木立に囲まれた延暦寺 根本中堂へ下る石段の参道) → 候補0枚
✓ shiga-hieizan-enryakuji #4 延暦寺 西塔 (杉木立に囲まれた延暦寺 西塔 釈迦堂(転法輪堂)の正面) → 候補3枚
✓ shiga-hieizan-enryakuji #5 延暦寺 横川中堂（横川） (崖にせり出した舞台造りの朱塗りの横川中堂) → 候補4枚
✓ shiga-hieizan-enryakuji #6 ガーデンミュージアム比叡 (比叡山頂のガーデンミュージアム比叡の睡蓮の池と花壇) → 候補4枚
✓ gunma-tomioka-silk #1 諏訪神社（富岡） (富岡諏訪神社の社殿と鳥居) → 候補3枚
✓ gunma-tomioka-silk #2 富岡製糸場 東置繭所 (富岡製糸場 東置繭所の赤煉瓦アーチと中央の銘板) → 候補4枚
✓ gunma-tomioka-silk #3 富岡製糸場 繰糸所 (富岡製糸場 繰糸所内部の長大なトラス構造と並ぶ繰糸機) → 候補4枚
✗ gunma-tomioka-silk #4 おっきりこみ処（製糸場正門前） (幅広麺と野菜を味噌仕立てで煮込んだ上州おっきりこみの器) → 候補0枚
✓ gunma-tomioka-silk #5 一之宮貫前神社 (一之宮貫前神社の総門と石段を下った先の朱塗り社殿) → 候補4枚
