✓ osaka-mozu-kofun-walk#4 堺市博物館 +5枚 (計9)
✓ osaka-tenjimbashisuji-walk#4 天満市場（ぷららてんま） +5枚 (計6)
✓ osaka-tenjimbashisuji-walk#5 天五中崎通商店街（おいでやす通り） +5枚 (計9)
✓ osaka-tenjimbashisuji-walk#6 中崎町 +5枚 (計9)
✓ osaka-sumiyoshi-taisha-walk#4 種貸社 +5枚 (計9)
✓ osaka-sumiyoshi-taisha-walk#5 住吉公園・住吉高燈籠 +5枚 (計9)
✓ kyoto-ginkakuji-philosophers-walk#4 永観堂（禅林寺） +5枚 (計9)
✓ kyoto-ginkakuji-philosophers-walk#5 南禅寺 +5枚 (計9)
✓ hyogo-takarazuka-hananomichi#3 キャトルレーヴ +5枚 (計9)
✓ hyogo-takarazuka-hananomichi#5 武庫川河川敷緑地 +5枚 (計9)
✓ hyogo-kinosaki-onsen-soto#1 大谿川の柳並木と太鼓橋 +5枚 (計9)
✓ shiga-otsu-biwako-walk#3 三井寺（園城寺） +5枚 (計9)
✓ shiga-otsu-biwako-walk#5 びわ湖大津館 +5枚 (計9)
✓ shiga-omihachiman-horikawa#4 新町通りの町並み +5枚 (計9)
✓ wakayama-castle-burakuri#3 岡公園 +4枚 (計8)
✓ wakayama-shirahama-sea#3 千畳敷 +5枚 (計9)
· wakayama-shirahama-sea#5 平草原公園 +0枚 (計1)
✓ nagoya-castle-honmaru-course#2 名古屋城 本丸御殿 +5枚 (計6)
✓ nagoya-castle-honmaru-course#3 名城公園 +5枚 (計9)
✓ shizuoka-sumpu-course#2 駿府城公園 +5枚 (計9)
✓ shizuoka-sumpu-course#4 紺屋町 +5枚 (計9)
✓ fukuoka-itoshima-sea#5 櫻井神社 +5枚 (計9)
✓ fukuoka-yanagawa-kudari#1 柳川の掘割（どんこ舟の川下り） +3枚 (計7)
✓ hokkaido-asahiyama-zoo#1 旭山動物園 +5枚 (計9)
✓ hokkaido-asahiyama-zoo#3 あさひかわ北彩都ガーデン +3枚 (計7)
✓ hiroshima-onomichi-slope#2 千光寺頂上展望台 PEAK +5枚 (計9)
✓ hiroshima-onomichi-slope#3 千光寺 +5枚 (計9)
✓ hiroshima-onomichi-slope#5 浄土寺 +5枚 (計9)
· gunma-ikaho-stone-steps#3 河鹿橋 +0枚 (計1)
✓ saitama-chichibu-nature#4 宝登山ロープウェイと宝登山神社奥宮 +5枚 (計9)
✓ tokyo-yanesen-walk#1 根津神社 +5枚 (計9)
✓ tokyo-yanesen-walk#3 観音寺の築地塀 +3枚 (計7)
