✓ new-minatomirai-date #1 汽車道 (横浜の汽車道（旧横浜港駅の貨物線路を活かした海上の遊歩道。鉄橋・線路跡が残る板張りプロムナードと両側の水面）) → 候補4枚
✓ new-minatomirai-date #2 コスモクロック21 / コスモワールド (よこはまコスモワールドの大観覧車コスモクロック21（直径100m級の時計付き観覧車、夜はカラフルにライトアップ）) → 候補2枚
✓ new-minatomirai-date #3 臨港パーク (臨港パーク（パシフィコ横浜に隣接する海沿いの芝生公園。海とベイブリッジを望む広場）) → 候補4枚
✓ new-minatomirai-date #4 横浜ランドマークタワー スカイガーデン (横浜ランドマークタワー（高さ296mの超高層ビル。69階スカイガーデン展望フロアを擁する外観全景）) → 候補4枚
✓ new-minatomirai-date #5 大さん橋国際客船ターミナル (横浜港大さん橋国際客船ターミナル（クジラの背中と呼ばれる波打つ木製デッキの屋上）) → 候補4枚
✓ new-minatomirai-rainy-date #1 カップヌードルミュージアム 横浜 (カップヌードルミュージアム横浜の白い外観建物（日清食品の体験型ミュージアム）) → 候補4枚
✓ new-minatomirai-rainy-date #2 横浜美術館 (横浜美術館の石貼りの正面ファサード（丹下健三設計、左右対称の大階段とエントランス）) → 候補4枚
✓ new-minatomirai-rainy-date #3 マークイズみなとみらい (マークイズみなとみらいの大型ショッピングモール外観（みなとみらい駅直結の商業ビル）) → 候補4枚
✓ new-minatomirai-rainy-date #4 横浜ランドマークタワー スカイガーデン (横浜ランドマークタワー（地上70階の超高層ビル全景、スカイガーデンを擁する建物）) → 候補4枚
✓ new-minatomirai-rainy-date #5 YOKOHAMA AIR CABIN (YOKOHAMA AIR CABINのゴンドラと支柱（桜木町〜運河パークを結ぶ都市型ロープウェイ）) → 候補4枚
✓ new-sakuragicho-night-date #1 汽車道（夜） (横浜・汽車道（旧鉄道橋を活かした海上の遊歩道）の夜景。両側の街灯と水面の反射、対岸のランドマークタワーとコスモクロック21) → 候補1枚
✗ new-sakuragicho-night-date #2 コスモクロック21（夜） (よこはまコスモワールドの大観覧車コスモクロック21の夜のライトアップ全景) → 候補0枚
✓ new-sakuragicho-night-date #3 YOKOHAMA AIR CABIN（夜） (YOKOHAMA AIR CABIN（桜木町駅前と運河パーク駅を結ぶ都市型ロープウェイ）のゴンドラと夜景) → 候補2枚
✗ new-sakuragicho-night-date #4 野毛山公園（夜景スポット） (野毛山公園（高台の展望広場）から見下ろすみなとみらいの夜景) → 候補0枚
✓ new-sakuragicho-night-date #5 新港ふ頭・横浜ハンマーヘッド (横浜ハンマーヘッド（新港ふ頭客船ターミナル）と港のハンマーヘッドクレーンの外観) → 候補4枚
✓ new-akarenga-date #1 横浜赤レンガ倉庫 (横浜赤レンガ倉庫の煉瓦造り2棟の外観（1号館・2号館）) → 候補4枚
✓ new-akarenga-date #2 象の鼻パーク (象の鼻パークの象の鼻のような曲線を描く防波堤テラスと横浜港の眺め) → 候補4枚
✓ new-akarenga-date #3 横浜ハンマーヘッド (横浜ハンマーヘッド（新港ふ頭客船ターミナル複合施設）の建物外観とハンマーヘッドクレーン) → 候補4枚
✗ new-osanbashi-nightview-date #1 大さん橋国際客船ターミナル 屋上デッキ (横浜・大さん橋国際客船ターミナルの屋上デッキ「クジラの背中」と呼ばれるうねる木製ウッドデッキと、その先に広がるみなとみらいの夜景) → 候補0枚
✓ new-osanbashi-nightview-date #2 山下公園（夜） (横浜・山下公園の海沿い遊歩道と、夜間ライトアップされた係留中の客船・氷川丸) → 候補3枚
✓ new-osanbashi-nightview-date #3 港の見える丘公園 (横浜・港の見える丘公園の展望台から見下ろす横浜ベイブリッジと横浜港の夜景) → 候補4枚
✓ new-bashamichi-architecture #1 神奈川県立歴史博物館（旧横浜正金銀行本店） (神奈川県立歴史博物館（旧横浜正金銀行本店、緑青のドームを戴く西洋古典主義の石造建築）の正面外観) → 候補4枚
✗ new-bashamichi-architecture #2 旧横浜市庁舎（横浜市歴史的建造物） (旧横浜市庁舎（村野藤吾設計の戦後モダニズム建築、北棟・南棟と中庭）の外観) → 候補0枚
✓ new-bashamichi-architecture #3 横浜第二合同庁舎（旧横浜生糸検査所） (横浜第二合同庁舎（旧横浜生糸検査所、遠藤於菟設計の煉瓦建築）の煉瓦外観) → 候補4枚
✗ new-bashamichi-architecture #4 神奈川県庁本庁舎（キングの塔） (神奈川県庁本庁舎（横浜三塔のキングの塔、塔屋を載せた庁舎建築）の塔を含む外観) → 候補0枚
✗ new-bashamichi-architecture #5 横浜開港資料館（旧英国総領事館） (横浜開港資料館（旧英国総領事館の建物、中庭の玉楠の木がある赤瓦の館）の外観) → 候補0枚
✓ new-kannai-nihondori #1 日本大通り (日本大通りの幅広い並木道と沿道の神奈川県庁本庁舎（キングの塔）の景観) → 候補1枚
✓ new-kannai-nihondori #2 横浜市開港記念会館（ジャックの塔） (横浜市開港記念会館（ジャックの塔）の赤レンガと白石の時計塔外観) → 候補1枚
✗ new-kannai-nihondori #3 横浜スタジアム周辺（横浜公園） (横浜スタジアムを囲む横浜公園の広場・遊歩道（春のチューリップ花壇）) → 候補0枚
✓ new-kannai-nihondori #4 横浜開港資料館 (横浜開港資料館（旧英国総領事館）の煉瓦造り本館外観) → 候補3枚
✓ new-kannai-nihondori #5 馬車道商店街 (馬車道商店街の歴史的なメインストリートとガス灯・近代建築の街並み) → 候補1枚
✓ new-yamashita-date #1 山下公園 (山下公園の海沿い遊歩道とみなとみらい21の対岸スカイライン) → 候補4枚
✓ new-yamashita-date #2 氷川丸（日本郵船氷川丸） (山下公園に係留された貨客船・日本郵船氷川丸の船体外観) → 候補4枚
✓ new-yamashita-date #3 港の見える丘公園 (港の見える丘公園の展望台から見下ろす横浜港とベイブリッジの眺望) → 候補4枚
✗ new-yamashita-date #4 山手西洋館エリア（ブラフ18番館など） (山手西洋館ブラフ18番館の白い木造洋館の外観) → 候補0枚
✓ new-yamashita-date #5 マリンタワー (横浜マリンタワー（高さ106mの塔）の全景) → 候補3枚
✗ new-chinatown-sightseeing #1 横浜中華街（街歩き） (横浜中華街・中華街大通りの賑わい（牌楼が立ち並ぶメインストリートと飲茶・点心店の店先）) → 候補0枚
✓ new-chinatown-sightseeing #2 関帝廟（横浜中華街） (横浜中華街・関帝廟の極彩色の外観（関羽を祀る朱と金で装飾された廟建築の正面）) → 候補2枚
✓ new-chinatown-sightseeing #3 横浜媽祖廟 (横浜媽祖廟の朱色の楼門と本殿外観（2006年建立、中華街の航海の女神を祀る廟）) → 候補4枚
✗ new-chinatown-sightseeing #4 山下公園（食後の散歩） (山下公園から望む横浜港とみなとみらいの眺め（海沿いの臨海公園の遊歩道と芝生）) → 候補0枚
✓ new-chinatown-sightseeing #5 元町ショッピングストリート (元町ショッピングストリートの街並み（外国人居留地由来の落ち着いた商店通り）) → 候補1枚
✓ new-motomachi-yamate #1 元町ショッピングストリート (横浜・元町ショッピングストリートの石畳の商店街並み（フェニックスアーチや街灯の並ぶメインストリート）) → 候補1枚
✓ new-motomachi-yamate #2 外国人墓地（横浜外国人墓地） (横浜外国人墓地の斜面に並ぶ西洋式の墓碑群（山手の丘の上にある外国人墓地）) → 候補4枚
✓ new-motomachi-yamate #3 ブラフ18番館 (ブラフ18番館の白い外壁と緑の窓枠を持つ大正期の西洋館外観) → 候補2枚
✓ new-motomachi-yamate #4 山手イタリア山庭園 (山手イタリア山庭園の幾何学式に刈り込まれた整形庭園と外交官の家（重要文化財）) → 候補4枚
✓ new-motomachi-yamate #5 港の見える丘公園 (港の見える丘公園の展望台から望む横浜港とベイブリッジの眺望) → 候補4枚
✓ new-yokohama-station-rainy #1 そごう横浜店 (そごう横浜店の建物外観（横浜駅東口に直結する大型百貨店ビル）) → 候補4枚
✓ new-yokohama-station-rainy #2 横浜ポルタ (横浜駅東口地下街「横浜ポルタ」の地下通路と店舗が並ぶ屋内コンコース) → 候補4枚
✓ new-yokohama-station-rainy #3 横浜ジョイナス (横浜駅西口の商業施設「相鉄ジョイナス」の館内または外観) → 候補4枚
✓ new-yokohama-station-rainy #4 横浜モアーズ (横浜駅西口直結の商業施設「横浜モアーズ」の建物外観) → 候補4枚
✓ new-yokohama-station-rainy #5 横浜高島屋 (横浜駅西口直結の百貨店「横浜高島屋」の建物外観) → 候補4枚
✓ new-yokohama-station-bored #1 そごう美術館 (横浜そごう（そごう横浜店）が入る横浜駅東口の大型百貨店ビルの外観。そごう美術館は同店8階に入る) → 候補2枚
✓ new-yokohama-station-bored #2 アソビル (横浜駅東口の体験型エンタメ施設アソビルの建物外観) → 候補4枚
✗ new-yokohama-station-bored #3 横浜ポルタ（散策） (横浜駅東口の地下街・横浜ポルタの店舗が並ぶ地下通路の様子) → 候補0枚
✓ new-yokohama-station-bored #4 CIAL横浜 (横浜駅西口直結の駅ビル型商業施設CIAL横浜の外観またはフロアの様子) → 候補4枚
✓ new-yokohama-station-bored #5 横浜ランドマークタワー展望台（スカイガーデン） (横浜ランドマークタワー（みなとみらいの超高層ビル）の全景。69階に展望フロア「スカイガーデン」がある) → 候補2枚
✗ new-noge-bar-hop #1 都橋商店街（野毛小路） (都橋商店街の外観。大岡川沿いに弧を描いて連なる昭和30年代の木造2階建て長屋型飲み屋ビル群) → 候補0枚
✗ new-noge-bar-hop #2 野毛大道芸エリア（野毛本通り） (野毛本通り（野毛の中心飲み屋街）の路地。提灯やもつ焼き・大衆酒場の看板が密集する夜の通り) → 候補0枚
✗ new-noge-bar-hop #3 日ノ出町ガード下 (京急本線・日ノ出町駅の高架下に小さなバーや飲食店が並ぶガード下の一帯) → 候補0枚
✓ new-shin-yokohama-bored #1 新横浜ラーメン博物館 (新横浜ラーメン博物館の館内・昭和レトロな路地を再現したジオラマ空間（地下フロアの夕暮れ風セットと提灯）) → 候補4枚
✓ new-shin-yokohama-bored #2 新横浜スケートセンター (新横浜スケートセンターのアイススケートリンク（屋内の白い氷面）) → 候補4枚
✓ new-shin-yokohama-bored #3 新横浜公園 (新横浜公園の鶴見川沿いに広がる芝生広場と遊歩道（日産スタジアムを背にした緑地）) → 候補4枚
✓ new-shin-yokohama-bored #4 キュービックプラザ新横浜 (キュービックプラザ新横浜の外観（新横浜駅直結の高層複合ビル）) → 候補4枚
✓ new-shin-yokohama-bored #5 日産スタジアム（横浜国際総合競技場） (日産スタジアム（横浜国際総合競技場）の大屋根と外観全景) → 候補4枚
✓ new-yokohama-arena-spots #1 新横浜ラーメン博物館 (新横浜ラーメン博物館の館内、昭和30年代の街並みを再現した薄暗い路地と提灯・看板のレトロな空間) → 候補4枚
✗ new-yokohama-arena-spots #2 新横浜公園・鶴見川沿い遊歩道 (新横浜公園と鶴見川沿いの広々とした遊歩道・芝生広場（背後に日産スタジアムが見える河川沿いの開けた風景）) → 候補0枚
✓ new-yokohama-arena-spots #3 キュービックプラザ新横浜 (新横浜駅直結の駅ビル「キュービックプラザ新横浜」の外観（ガラス張りの高層商業施設ビル）) → 候補4枚
✓ new-yokohama-arena-spots #4 新横浜スケートセンター (新横浜スケートセンターの屋内アイススケートリンク（白い氷の滑走面と観客席）) → 候補4枚
✗ new-yokohama-arena-spots #5 新横浜近辺のカフェ・コワーキング (新横浜駅前のカフェの店内、コーヒーカップとテーブル席のくつろいだ様子) → 候補0枚
✓ new-kamakura-komachi #1 小町通り (鎌倉・小町通りの商店街（飲食店や和雑貨店が並ぶ歩行者で賑わうアーケード型参道商店街）) → 候補4枚
✓ new-kamakura-komachi #2 鶴岡八幡宮 (鶴岡八幡宮の朱塗りの本宮（大石段の上に建つ楼門と社殿）) → 候補4枚
✓ new-kamakura-komachi #3 鎌倉国宝館 (鎌倉の老舗和菓子店の店頭（豆菓子や鳩サブレーなど鎌倉土産が並ぶ和菓子店の店構え）) → 候補2枚
✓ new-kamakura-komachi #4 若宮大路 (若宮大路の段葛（鶴岡八幡宮へ続く一段高い桜並木の参道）) → 候補4枚
✗ new-kamakura-komachi #5 鎌倉幕府跡（鎌倉歴史文化交流館） (鎌倉駅西側・御成町の静かな路地（観光の喧騒を離れた住宅街の個人店が点在する通り）) → 候補0枚
✓ new-hase-yuigahama-date #1 高徳院（鎌倉大仏） (高徳院の露坐の鎌倉大仏（屋外に座す青銅の阿弥陀如来坐像、高さ約11.3m）) → 候補3枚
✓ new-hase-yuigahama-date #2 長谷寺 (長谷寺の山腹の境内と眺望散策路から見下ろす由比ヶ浜の海) → 候補4枚
✓ new-hase-yuigahama-date #3 由比ヶ浜海岸 (由比ヶ浜海岸の広い砂浜と相模湾（夕景・富士山が望める日もある約900mのビーチ）) → 候補4枚
✓ new-hase-yuigahama-date #4 鎌倉文学館 (長谷の路地に並ぶ鎌倉のカフェ・洋食店の店構え) → 候補4枚
✗ new-hase-yuigahama-date #5 江ノ電 長谷駅周辺カフェ (鎌倉文学館（旧前田侯爵家鎌倉別邸を改装した洋館の外観）) → 候補0枚
✗ new-enoshima-evening-date #1 江ノ島シーキャンドル（江の島展望灯台） (江の島シーキャンドル（江の島展望灯台）の塔の外観と展望台) → 候補0枚
✓ new-enoshima-evening-date #2 稚児ヶ淵 (稚児ヶ淵の岩場と相模湾の夕景（江の島最奥部の磯）) → 候補1枚
✓ new-enoshima-evening-date #3 江ノ島岩屋洞窟 (江の島岩屋洞窟（海食洞）のロウソクで照らされた洞内通路) → 候補1枚
✗ new-enoshima-evening-date #4 江ノ島弁天仲見世通り (江の島弁天仲見世通りの土産物店が並ぶ参道の街並み) → 候補0枚
✗ new-enoshima-evening-date #5 湘南港（ヨットハーバー） (湘南港（江の島ヨットハーバー）に係留されたヨットと桟橋) → 候補0枚
✓ new-kamakura-rainy #1 鎌倉国宝館 (鎌倉国宝館（鎌倉・鶴岡八幡宮境内にある校倉造風の博物館建築の外観）) → 候補2枚
✗ new-kamakura-rainy #2 長谷寺（雨天） (長谷寺（鎌倉長谷寺の本堂と境内、観音山の斜面に広がる伽藍）) → 候補0枚
✓ new-kamakura-rainy #3 円覚寺 (円覚寺（北鎌倉・円覚寺の山門／三門の木造楼門）) → 候補2枚
✗ new-kamakura-rainy #4 建長寺（方丈・庭園） (建長寺の方丈（龍王殿）と庭園（背後の山を借景にした池泉庭園）) → 候補0枚
✓ new-kamakura-rainy #5 鎌倉歴史文化交流館 (鎌倉歴史文化交流館（御成町にあるモダニズム建築の外観）) → 候補4枚
✓ new-kawasaki-rainy-date #1 ラゾーナ川崎プラザ (ラゾーナ川崎プラザの建物外観（川崎駅西口直結の大型商業施設、曲面ガラスのファサード）) → 候補4枚
✗ new-kawasaki-rainy-date #2 ユナイテッド・シネマ川崎（ラゾーナ内） (ラゾーナ川崎プラザ内のユナイテッド・シネマ川崎（シネマコンプレックスのエントランス・スクリーン入口周辺）) → 候補0枚
✓ new-kawasaki-rainy-date #3 川崎チネチッタ (川崎チネチッタのイタリア風の街並みを模したエンタメ施設外観（ラ・チッタデッラの広場・建物）) → 候補4枚
✓ new-kawasaki-rainy-date #4 川崎市藤子・F・不二雄ミュージアム (川崎市藤子・F・不二雄ミュージアムの建物外観（ドラえもんをテーマにしたミュージアム）) → 候補4枚
✗ new-kawasaki-rainy-date #5 川崎市市民ミュージアム（仮移転中） (川崎市市民ミュージアム（川崎市の歴史・文化を展示する博物館の建物）) → 候補0枚
✓ new-musashikosugi-family #1 等々力緑地 (等々力緑地の広い芝生広場と等々力陸上競技場（川崎フロンターレのホームスタジアム）) → 候補4枚
✓ new-musashikosugi-family #2 ららテラス武蔵小杉 (ららテラス武蔵小杉の商業施設外観（武蔵小杉駅東急口直結）) → 候補2枚
✓ new-musashikosugi-family #3 グランツリー武蔵小杉 (グランツリー武蔵小杉の大型商業施設外観（武蔵小杉駅JR口直結）) → 候補4枚
✗ new-musashikosugi-family #4 中原市民館・中原図書館 (中原市民館・中原図書館が入る川崎市中原区の公共施設の建物外観) → 候補0枚
✗ new-musashikosugi-family #5 丸子橋・多摩川河川敷 (丸子橋と多摩川の河川敷（東京・神奈川の境を流れる多摩川）) → 候補0枚
✓ new-tamaplaza-azamino #1 たまプラーザテラス (たまプラーザ駅前と直結する商業施設「たまプラーザテラス」のガーデンウォーク／駅前広場の外観) → 候補4枚
✓ new-tamaplaza-azamino #2 こどもの国（横浜市） (横浜市「こどもの国」の広い芝生広場・牧場や園内の緑地の風景) → 候補4枚
✓ new-tamaplaza-azamino #3 横浜市こども植物園 (横浜市こども植物園の温室・花壇など園内の植物景観) → 候補4枚
✓ new-tamaplaza-azamino #4 あざみ野ガーデンズ (あざみ野駅近くの商業施設「あざみ野ガーデンズ」の外観・中庭) → 候補3枚
✗ new-tamaplaza-azamino #5 港北ニュータウン・都筑区公園群 (港北ニュータウン（都筑区）の遊歩道・緑道（せせらぎ緑道など）の並木と歩道) → 候補0枚
✗ new-hakoneyumoto #1 箱根湯本温泉（日帰り入浴） (箱根湯本駅の駅舎外観（箱根登山鉄道の起点駅、山あいの三角屋根の駅舎）) → 候補0枚
✗ new-hakoneyumoto #2 天山湯治郷 (天山湯治郷の和風の日帰り温泉施設外観・露天風呂（早川支流沿いの木造湯治場）) → 候補0枚
✗ new-hakoneyumoto #3 箱根湯本商店街 (箱根湯本駅前から早川沿いに続く土産物店が並ぶ商店街の通り) → 候補0枚
✗ new-hakoneyumoto #4 箱根湯本美術館 (箱根湯本駅周辺の小規模美術館の建物外観) → 候補0枚
✗ new-hakoneyumoto #5 箱根登山電車（湯本→強羅） (箱根登山電車の赤い車両（湯本〜強羅間を走るスイッチバックの山岳鉄道）) → 候補0枚
✓ new-odawara #1 小田原城 (小田原城の復興天守閣（小田原城址公園、白壁に銅瓦屋根の三重四階の天守）) → 候補4枚
✓ new-odawara #2 小田原かまぼこの里（鈴廣） (鈴廣かまぼこの里（風祭の鈴廣本店、蒲鉾店舗群の外観）) → 候補1枚
✓ new-odawara #3 小田原宿なりわい交流館 (小田原宿なりわい交流館（旧網問屋を再生した出桁造りの木造町家建築）) → 候補1枚
✗ new-odawara #4 小田原漁港（早川港） (小田原漁港・早川港（漁船が並ぶ岸壁と相模湾の港の風景）) → 候補0枚
✗ new-odawara #5 小田原文学館・白秋童謡館 (小田原文学館（旧田中光顕別邸のスパニッシュ様式の洋館建築）) → 候補0枚
✓ new-chigasaki-beach #1 サザンビーチちがさき (サザンビーチちがさきの白い砂浜と相模湾、沖に浮かぶ烏帽子岩を望む海岸風景) → 候補4枚
✗ new-chigasaki-beach #2 ヘッドランド（突堤） (サザンビーチちがさき東端に突き出たヘッドランド（人工岬・約100mの突堤）の海に伸びる堤防) → 候補0枚
✗ new-chigasaki-beach #3 Tバー（チャーム茅ヶ崎）周辺カフェ群 (茅ヶ崎駅南口から海岸へ向かうサーファー文化の通り沿いの街並み（Tバー＝チャーム茅ヶ崎周辺のサーフ系カフェ街）) → 候補0枚
✗ new-chigasaki-beach #4 旧相模川橋脚（国指定史跡） (旧相模川橋脚（国指定史跡・関東大震災で隆起した鎌倉時代の橋脚跡）の保存遺構) → 候補0枚
✗ new-chigasaki-beach #5 茅ヶ崎公園（里山の丘公園） (茅ヶ崎公園（里山の丘公園）の芝生広場と里山の緑・遊歩道) → 候補0枚
✗ new-fujisawa-bored #1 藤沢駅周辺ショッピング（藤沢ルミネ・サンパール広場） (藤沢駅北口の駅前再開発エリア（ルミネ藤沢・ODAKYU湘南GATEが面するサンパール広場のデッキと駅前風景）) → 候補0枚
✗ new-fujisawa-bored #2 鵠沼海岸（辻堂〜片瀬） (鵠沼海岸の砂浜とサーファーが浮かぶ相模湾（海岸沿いに江の島を望む湘南の砂浜）) → 候補0枚
✗ new-fujisawa-bored #3 江ノ島（藤沢からのアクセス） (江の島の遠景（相模湾に浮かぶ島影と頂上の江の島シーキャンドル展望灯台）) → 候補0枚
✗ new-fujisawa-bored #4 藤沢市民ギャラリー (藤沢駅北口の商業ビルODAKYU湘南GATE（6階に藤沢市民ギャラリーが入る駅前ビルの外観）) → 候補0枚
✗ new-fujisawa-bored #5 藤沢本町・遊行寺 (遊行寺（清浄光寺）の本堂と参道（時宗総本山の境内と長い石段の参道）) → 候補0枚
✓ new-yokosuka-dobuita #1 どぶ板通り (横須賀どぶ板通り商店街のアーケードと、スカジャン店やアメリカン食堂が並ぶ通りの街並み) → 候補4枚
✗ new-yokosuka-dobuita #2 猿島（東京湾唯一の無人島） (猿島（東京湾の無人島）に残る明治期の旧軍要塞跡で、煉瓦造りのトンネルや砲台跡の遺構) → 候補0枚
✓ new-yokosuka-dobuita #3 三笠公園・戦艦三笠 (三笠公園に記念艦として保存・展示されている戦艦三笠（日露戦争の旗艦）の艦体) → 候補3枚
✗ new-yokosuka-dobuita #4 ヴェルニー公園（横須賀港ビュー） (ヴェルニー公園のフランス式庭園と、対岸に横須賀港・潜水艦が見える港の眺望) → 候補0枚
✓ new-yokosuka-dobuita #5 横須賀美術館 (観音崎の高台に建つ横須賀美術館（山本理顕設計）の現代建築外観と東京湾を望むロケーション) → 候補4枚
✓ new-miura-kaigan #1 三浦海岸 (三浦海岸の白い砂浜と相模湾を望む海岸線（京急三浦海岸駅近くの約1kmのビーチ）) → 候補4枚
✓ new-miura-kaigan #2 城ヶ島 (城ヶ島から望む相模湾と城ヶ島灯台（三浦半島最南端の島の岩礁海岸）) → 候補4枚
✗ new-miura-kaigan #3 三崎港・まぐろの食堂街 (三崎港のマグロ（三浦市三崎港の漁港と海鮮丼の食堂街）) → 候補0枚
✗ new-miura-kaigan #4 剱崎（けんざき）灯台 (剱崎灯台（三浦半島南東端に建つ白い灯台、1871年初点灯）) → 候補0枚
✗ new-miura-kaigan #5 三浦海岸 河津桜まつり（1〜2月） (三浦海岸の河津桜並木（線路沿いに咲く早咲きの河津桜と菜の花）) → 候補0枚
✓ new-kohoku-nt-family #1 モザイクモール港北 (モザイクモール港北の屋上に設置された大型観覧車（センター北駅前のショッピングモール屋上の赤い観覧車）) → 候補4枚
✗ new-kohoku-nt-family #2 都筑区ふるさと公園 (都筑区ふるさと公園の芝生広場と園内の池・遊歩道のある里山風景) → 候補0枚
✗ new-kohoku-nt-family #3 大塚・歳勝土遺跡公園（弥生の丘展示館） (大塚・歳勝土遺跡公園に復元された弥生時代の竪穴住居（茅葺きの復元住居群）) → 候補0枚
✗ new-kohoku-nt-family #4 港北ニュータウン緑道（牛久保緑道ほか） (港北ニュータウン緑道の遊歩道（樹木に囲まれた歩行者専用の緑道の小径）) → 候補0枚
✓ new-kohoku-nt-family #5 横浜市歴史博物館 (横浜市歴史博物館の建物外観（センター北駅近くの博物館の外観）) → 候補4枚
✗ new-yokohama-first-date #1 みなとみらい・ランドマークタワー〜スカイガーデン (横浜ランドマークタワー（みなとみらいに建つ超高層ビル）の外観全景) → 候補0枚
✓ new-yokohama-first-date #2 赤レンガ倉庫 (横浜赤レンガ倉庫の煉瓦造り外観（2棟の歴史的倉庫建築）) → 候補4枚
✗ new-yokohama-first-date #3 山下公園・大さん橋 (山下公園からみなとみらいを望む臨海公園の風景) → 候補0枚
✓ new-yokohama-first-date #4 横浜中華街 (横浜中華街の牌楼（朝陽門などの極彩色の中華門）) → 候補4枚
✗ new-yokohama-first-date #5 コスモクロック21（夜景） (夜のコスモクロック21（みなとみらいの大観覧車のライトアップ）) → 候補0枚
✓ new-asakusa-date #1 雷門・仲見世通り (浅草寺雷門（大提灯が下がる朱塗りの山門）から続く仲見世通りの参道と土産物店の連なり) → 候補2枚
✓ new-asakusa-date #2 浅草寺 (浅草寺の本堂（朱塗りの大伽藍）と並び立つ五重塔) → 候補4枚
✗ new-asakusa-date #3 隅田川テラス・吾妻橋 (隅田川テラスと吾妻橋越しに望むアサヒビール本社の金色オブジェと東京スカイツリー) → 候補0枚
✓ new-asakusa-date #4 浅草花やしき (浅草花やしきの園内（昭和レトロな観覧車やローラーコースターが密集する日本最古の遊園地）) → 候補1枚
✗ new-asakusa-date #5 浅草ホッピー通り・馬道通り (浅草ホッピー通り（赤提灯と店先のテーブルが並ぶ昼から賑わう大衆酒場の通り）) → 候補0枚
✓ new-ueno-museum #1 東京国立博物館 (東京国立博物館本館（昭和初期の帝冠様式・瓦屋根を載せた石造りの正面ファサード）) → 候補4枚
✓ new-ueno-museum #2 上野動物園 (上野動物園のジャイアントパンダ（笹を食べる姿、または園の表門）) → 候補4枚
✗ new-ueno-museum #3 上野公園・花見エリア (上野公園の桜並木（メインストリートを覆う満開のソメイヨシノのトンネル）) → 候補0枚
✓ new-ueno-museum #4 不忍池・弁天堂 (不忍池と弁天堂（蓮に囲まれた池の中之島に建つ八角形の弁天堂）) → 候補4枚
✓ new-ueno-museum #5 アメ横商店街 (アメ横商店街（JR高架沿いに看板と人がひしめく上野アメ横の通り）) → 候補3枚
✓ new-shinjuku-time #1 新宿御苑 (新宿御苑の広大な芝生広場と並木（背景に新宿の高層ビル群が見える国民公園の風景）) → 候補4枚
✓ new-shinjuku-time #2 歌舞伎町・東急歌舞伎町タワー (東急歌舞伎町タワーの超高層ビル外観（歌舞伎町に立つガラス張りの高層複合施設）) → 候補1枚
✓ new-shinjuku-time #3 高島屋タイムズスクエア (新宿高島屋タイムズスクエアの大型商業ビル外観（新宿駅新南口に面した百貨店の建物）) → 候補4枚
✓ new-shinjuku-time #4 新宿中央公園 (新宿中央公園の噴水・芝生広場と背後にそびえる西新宿の超高層ビル群) → 候補4枚
✓ new-shinjuku-time #5 思い出横丁 (思い出横丁の狭い路地と提灯が連なる飲み屋街（新宿駅西口ガード下の戦後闇市由来の横丁）) → 候補4枚
✓ new-shibuya-harajuku #1 渋谷スクランブル交差点 (渋谷スクランブル交差点（ハチ公口前の大型横断歩道を多数の歩行者が斜めに行き交う俯瞰の実景）) → 候補4枚
✓ new-shibuya-harajuku #2 明治神宮 (明治神宮の大鳥居（参道に立つ木造の巨大な明神鳥居と砂利の参道）) → 候補4枚
✓ new-shibuya-harajuku #3 代々木公園 (代々木公園の芝生広場と噴水（緑の芝生に人々が憩う都市公園の風景）) → 候補4枚
✓ new-shibuya-harajuku #4 竹下通り (竹下通り（原宿駅前から続く狭い歩行者ショッピングストリートに人波と看板が連なる実景）) → 候補4枚
✓ new-shibuya-harajuku #5 表参道ヒルズ・表参道 (表参道の欅並木（明治神宮前から青山へ続く広い大通りと両側のケヤキ並木、表参道ヒルズ周辺）) → 候補4枚
✓ new-skytree-area #1 東京スカイツリー(天望デッキ) (東京スカイツリーの塔体全景（高さ634mの自立式電波塔、白い格子状の鉄骨構造）) → 候補4枚
✓ new-skytree-area #2 東京ソラマチ (東京ソラマチの建物外観（東京スカイツリー足元の大型商業施設）) → 候補4枚
✓ new-skytree-area #3 すみだ水族館 (すみだ水族館のクラゲ水槽など屋内水族館の展示空間（東京スカイツリータウン・ソラマチ内）) → 候補4枚
✗ new-skytree-area #4 隅田川・十間橋 (北十間川にかかる十間橋から望む東京スカイツリーと水面に映る逆さスカイツリー) → 候補0枚
✗ new-skytree-area #5 向島・言問橋エリア (向島百花園の和風庭園（江戸期に開かれた文人趣味の花の庭、萩のトンネルなど）) → 候補0枚
✗ new-ginza-marunouchi #1 銀座六丁目・GINZA SIX (GINZA SIX（銀座六丁目の大型複合商業施設）の外観ファサード、または屋上庭園(GINZA SIX GARDEN)から銀座方面を望む眺め) → 候補0枚
✓ new-ginza-marunouchi #2 皇居外苑・二重橋 (皇居外苑から望む二重橋（正門石橋と奥の正門鉄橋が連なる景観、背後に伏見櫓）) → 候補1枚
✓ new-ginza-marunouchi #3 丸の内仲通り (丸の内仲通りの並木道（ケヤキの街路樹が続くブランド路面店の通り、石畳の歩行者空間）) → 候補4枚
✓ new-ginza-marunouchi #4 東京駅丸の内駅舎 (東京駅丸の内駅舎（辰野金吾設計の赤煉瓦ネオバロック様式駅舎、南北のドーム屋根を含む丸の内側外観）) → 候補4枚
✗ new-ginza-marunouchi #5 銀座三越・松屋銀座 (銀座四丁目交差点に面する銀座三越の建物外観（中央通り沿い、ライオン像のある老舗百貨店）と向かいの松屋銀座) → 候補0枚
✓ new-roppongi-night #1 六本木ヒルズ展望台（東京シティビュー） (六本木ヒルズ森タワー（高さ238mの超高層ビル）の外観全景) → 候補4枚
✓ new-roppongi-night #2 東京タワー (東京タワー（高さ333mの赤と白の電波塔）の塔体全景) → 候補3枚
✓ new-roppongi-night #3 麻布台ヒルズ (麻布台ヒルズの森JPタワー（高さ330mの超高層ビル）外観) → 候補4枚
✓ new-roppongi-night #4 芝公園・増上寺 (増上寺の三門（大きな朱塗りの山門）越しに見上げる東京タワー) → 候補3枚
✓ new-roppongi-night #5 国立新美術館 (国立新美術館の波打つガラスカーテンウォールのファサード（黒川紀章設計）) → 候補4枚
✓ new-ikebukuro-day #1 サンシャイン60展望台 (サンシャイン60の超高層ビル外観（地上60階建ての高層オフィスビル）) → 候補2枚
✓ new-ikebukuro-day #2 西武百貨店池袋本店・東武百貨店 (JR池袋駅東口の駅ビルと西武百貨店池袋本店の外観) → 候補1枚
✓ new-ikebukuro-day #3 池袋西口公園 (池袋西口公園の円形シアター「グローバルリング」) → 候補4枚
✓ new-ikebukuro-day #4 乙女ロード (アニメイト池袋本店の外観（乙女ロードを代表するアニメグッズ大型店）) → 候補2枚
✗ new-ikebukuro-day #5 としまえん跡・練馬区立としまえん庭の湯 (としまえん庭の湯（としまえん跡地の日帰り温泉施設）の外観) → 候補0枚
✓ new-tokyo-rainy #1 東京国立博物館 (東京国立博物館 本館の正面外観（上野公園内、左右対称の帝冠様式の建物と中央階段）) → 候補4枚
✓ new-tokyo-rainy #2 teamLab Planets（豊洲） (teamLab Planets TOKYO の没入型デジタルアート空間（鏡張りの床と天井に映像が広がるインスタレーション）) → 候補4枚
✓ new-tokyo-rainy #3 東京都庭園美術館 (東京都庭園美術館 本館（旧朝香宮邸）のアールデコ建築外観) → 候補4枚
✓ new-tokyo-rainy #4 六本木ヒルズ森美術館 (六本木ヒルズ森タワーの高層ビル外観（森美術館・東京シティビューが入る最上部）) → 候補3枚
✗ new-tokyo-rainy #5 新宿高島屋タイムズスクエア（書籍・ショッピング） (新宿高島屋タイムズスクエア（新宿駅新南口直結の高島屋商業ビルの外観）) → 候補0枚
✓ new-tokyo-family #1 上野動物園 (上野動物園のジャイアントパンダ（笹を食べる、または木に登るパンダの姿）) → 候補4枚
✓ new-tokyo-family #2 国立科学博物館（上野） (国立科学博物館（上野）地球館に展示されたティラノサウルスなど恐竜の全身骨格標本) → 候補4枚
✓ new-tokyo-family #3 葛西臨海公園・水族館 (葛西臨海水族園のドーナツ型大水槽を回遊するクロマグロの群れ) → 候補4枚
✓ new-tokyo-family #4 よみうりランド (よみうりランドの大型ジェットコースター「バンデット」と園内の大観覧車) → 候補4枚
✓ new-tokyo-family #5 東京都水の科学館 (東京都水の科学館の体験型展示（水の循環や浄水の仕組みを学ぶ館内の展示ブース）) → 候補4枚
✓ new-tokyo-first-date #1 浅草・仲見世通り→浅草寺 (浅草・仲見世通りの参道（雷門から浅草寺へ続く土産物店の連なりと赤い提灯）) → 候補4枚
✓ new-tokyo-first-date #2 東京スカイツリー天望デッキ (東京スカイツリー（高さ634mの電波塔の全景）) → 候補4枚
✗ new-tokyo-first-date #3 お台場海浜公園（夜景） (お台場海浜公園から望むレインボーブリッジと東京湾の夕景・夜景) → 候補0枚
✗ new-tokyo-first-date #4 銀座ディナー・GINZA SIX (銀座の街並み（GINZA SIX周辺の高級複合商業ビルが並ぶ中央通り）) → 候補0枚
✗ new-tokyo-first-date #5 新宿（締め・バー） (新宿の夜の繁華街（歌舞伎町・新宿三丁目のネオンと高層ビル群）) → 候補0枚
✓ new-ebisu-daikanyama #1 代官山T-SITE（蔦屋書店） (代官山T-SITE（蔦屋書店）の白いT字格子模様で覆われた低層3棟の外観) → 候補3枚
✓ new-ebisu-daikanyama #2 恵比寿ガーデンプレイス (恵比寿ガーデンプレイスの時計塔広場とガーデンプレイスタワーを望む全景) → 候補3枚
✓ new-ebisu-daikanyama #3 目黒川沿い (目黒川沿いの遊歩道と川面に張り出す桜並木（中目黒付近）) → 候補1枚
✓ new-ebisu-daikanyama #4 代官山・ログロード代官山 (ログロード代官山の旧東横線高架跡を活用した遊歩道沿いの低層木造商業施設) → 候補4枚
✗ new-ebisu-daikanyama #5 恵比寿・アトレ恵比寿（飲食） (JR恵比寿駅直結の駅ビル・アトレ恵比寿の外観) → 候補0枚
✓ new-nakameguro-walk #1 目黒川桜並木 (中目黒の目黒川沿いに約800本のソメイヨシノが満開になり川面を覆う桜のトンネル（両岸の遊歩道と川を覆う桜並木）) → 候補3枚
✓ new-nakameguro-walk #2 中目黒高架下 (東急東横線中目黒駅の高架橋下を再整備した中目黒高架下の商業区画（高架の鉄骨構造と連なる店舗）) → 候補1枚
✗ new-nakameguro-walk #3 スタバ リザーブ ロースタリー東京 (スターバックス リザーブ ロースタリー東京の外観（中目黒高架下に建つ4階建てガラス張りの旗艦店）) → 候補0枚
✗ new-nakameguro-walk #4 目黒川沿いのカフェ・ショップ (目黒川両岸の遊歩道に点在する個人経営のカフェ・コーヒースタンド・セレクトショップが並ぶ川沿いの街並み) → 候補0枚
✗ new-nakameguro-walk #5 祐天寺・池尻大橋周辺 (祐天寺の山門と本堂（目黒区祐天寺の浄土宗寺院、明顕山祐天寺）) → 候補0枚
✓ new-kichijoji-day #1 井の頭恩賜公園 (井の頭恩賜公園の井の頭池に浮かぶスワンボート（白鳥型の足こぎボート）と池畔の木立) → 候補4枚
✓ new-kichijoji-day #2 ハモニカ横丁 (吉祥寺ハモニカ横丁の狭い路地に飲食店が密集する夜の街並み（赤提灯や看板の灯り）) → 候補3枚
✗ new-kichijoji-day #3 吉祥寺サンロード・ダイヤ街 (吉祥寺サンロード商店街のアーケード（半透明屋根の天井と両側に連なる店舗・買い物客）) → 候補0枚
✗ new-kichijoji-day #4 吉祥寺ヨドバシカメラ・東急百貨店 (吉祥寺駅前の大型商業ビル外観（ヨドバシカメラ吉祥寺または東急百貨店吉祥寺店の建物）) → 候補0枚
✗ new-kichijoji-day #5 成蹊大学周辺・吉祥寺カフェ (吉祥寺・中道通り（成蹊大学方面へ伸びる個人店が並ぶ生活道路の街並み）) → 候補0枚
✓ new-harajuku-backstreet #1 キャットストリート (原宿キャットストリート（旧渋谷川遊歩道）の歩行者専用路地に低層のアパレルショップが並ぶ街並み) → 候補4枚
✓ new-harajuku-backstreet #2 ラフォーレ原宿 (ラフォーレ原宿の建物外観（明治通りと表参道の交差点に建つ商業施設のファサード）) → 候補2枚
✓ new-harajuku-backstreet #3 明治神宮 (明治神宮の大鳥居（参道に立つ木造の大型鳥居）) → 候補4枚
✓ new-harajuku-backstreet #4 竹下通り (原宿・竹下通りの入口アーチと両側に店舗が連なる細い歩行者天国の通り) → 候補4枚
✗ new-harajuku-backstreet #5 神宮前エリアの古着屋巡り (神宮前エリアの古着屋が連なる裏路地（看板を掲げた古着店が並ぶ街角）) → 候補0枚
✗ new-ginza-gallery #1 GINZA SIX（銀座六丁目） (GINZA SIX（銀座六丁目の大型複合商業施設）の中央通りに面したファサード外観) → 候補0枚
✓ new-ginza-gallery #2 銀座 伊東屋（G.Itoya） (銀座 伊東屋（G.Itoya）銀座本店の赤いクリップ看板が付いたビル外観) → 候補4枚
✗ new-ginza-gallery #3 銀座画廊街（クリエイションギャラリーG8ほか） (銀座八丁目の資生堂本社・資生堂ギャラリーが入る資生堂銀座ビルの外観) → 候補0枚
✗ new-ginza-gallery #4 松屋銀座・銀座三越 (銀座のあづま通り・みゆき通りなど中央通りから一本入った細い路地の街並み) → 候補0枚
✗ new-ginza-gallery #5 歌舞伎座・銀座四丁目交差点 (銀座四丁目交差点に建つ銀座三越のライオン像と建物外観) → 候補0枚
✗ new-shibuya-brunch #1 渋谷ストリーム（渋谷川沿い遊歩道） (渋谷ストリーム（渋谷川沿いの遊歩道と稲荷橋広場、川沿いの飲食店テラスが連なる景観）) → 候補0枚
✗ new-shibuya-brunch #2 渋谷ヒカリエ（展望フロア） (渋谷ヒカリエの高層ビル外観（青山通り側から見上げたガラスファサードの全景）) → 候補0枚
✗ new-shibuya-brunch #3 松濤・鉢山エリアのカフェ (松濤・鉢山町の閑静な住宅街の街路（渋谷駅至近とは思えない低層住宅の並ぶ通り）) → 候補0枚
✓ new-shibuya-brunch #4 渋谷スクランブルスクエア展望台（SHIBUYA SKY） (SHIBUYA SKY（渋谷スクランブルスクエア屋上展望台から見下ろすスクランブル交差点と東京の街並み）) → 候補4枚
✗ new-shibuya-brunch #5 代々木公園でのピクニックブランチ (代々木公園の中央広場の芝生と樹木（噴水池や開けた芝生エリアの景観）) → 候補0枚
✗ new-shinjuku-park #1 新宿御苑（日本庭園エリア） (新宿御苑の日本庭園エリア（池泉回遊式の池と旧御涼亭の茶室、池畔の樹木が映る景観）) → 候補0枚
✗ new-shinjuku-park #2 新宿御苑前周辺のカフェ街 (新宿御苑前駅周辺の街並み（御苑前のカフェ・喫茶店が並ぶ路地の景観）) → 候補0枚
✗ new-shinjuku-park #3 KITTE丸の内屋上テラス（参考：同コンセプト）と新宿南口 (新宿南口の駅前広場と高層ビル群（甲州街道沿いのサザンテラス方面の都市景観）) → 候補0枚
✗ new-shinjuku-park #4 新宿西口・東口の老舗デパート (新宿西口・東口の老舗デパート外観（駅前に並ぶ百貨店の建物と街路）) → 候補0枚
✓ new-shinjuku-park #5 思い出横丁（新宿西口） (新宿西口・思い出横丁の路地（赤提灯と小さな飲食店が連なる狭い横丁の夜景）) → 候補3枚
✗ new-roppongi-art #1 森美術館（六本木ヒルズ森タワー53F） (六本木ヒルズ森タワー（森美術館が入る超高層ビルの外観全景）) → 候補0枚
✗ new-roppongi-art #2 国立新美術館（乃木坂） (国立新美術館の波打つガラスカーテンウォールの外観（黒川紀章設計の正面ファサード）) → 候補0枚
✗ new-roppongi-art #3 21_21 DESIGN SIGHT（東京ミッドタウン） (21_21 DESIGN SIGHT の鉄板屋根の低層建築外観（安藤忠雄設計、東京ミッドタウン・ガーデン内）) → 候補0枚
✗ new-roppongi-art #4 東京ミッドタウン庭園のパブリックアート (東京ミッドタウンのミッドタウン・ガーデン（芝生と植栽が広がる屋外庭園の景観）) → 候補0枚
✗ new-roppongi-art #5 六本木ヒルズの屋外彫刻（ルイーズ・ブルジョワ「ママン」） (ルイーズ・ブルジョワの巨大蜘蛛の彫刻「ママン」（六本木ヒルズ66プラザの屋外設置）) → 候補0枚
✓ new-marunouchi-walk #1 東京駅丸の内駅舎（赤レンガ駅舎） (東京駅丸の内駅舎の赤煉瓦外観（辰野金吾設計、南北にドーム屋根を持つネオバロック様式の駅舎正面）) → 候補4枚
✓ new-marunouchi-walk #2 丸の内仲通り (丸の内仲通りのケヤキ並木とブランド路面店が並ぶ石畳のストリート) → 候補4枚
✓ new-marunouchi-walk #3 皇居外苑（皇居前広場） (皇居外苑（皇居前広場）の二重橋と正門石橋の景観) → 候補4枚
✓ new-marunouchi-walk #4 三菱一号館美術館 (三菱一号館美術館の赤煉瓦外観（ジョサイア・コンドル設計の旧オフィスビルを復元した建物）) → 候補4枚
✗ new-marunouchi-walk #5 KITTE（旧東京中央郵便局） (KITTE丸の内（旧東京中央郵便局を改修した白い外観の複合施設）の建物外観) → 候補0枚
✗ new-omotesando-brunch #1 表参道ヒルズ周辺のカフェ (表参道のケヤキ並木とハイブランド店が連なる表参道（けやき並木の歩道と街路樹の景観）) → 候補0枚
✗ new-omotesando-brunch #2 根津美術館と庭園 (根津美術館（隈研吾設計の本館エントランスへ続く竹垣の通路、または日本庭園の緑）) → 候補0枚
✗ new-omotesando-brunch #3 青山通り沿いのベーカリー (青山通り沿いのベーカリー店頭の焼きたてパンが並ぶ陳列（青山エリアのパン屋の外観・ショーケース）) → 候補0枚
✗ new-omotesando-brunch #4 岡本太郎記念館（南青山） (岡本太郎記念館の中庭に立つ岡本太郎の立体作品群（元アトリエ兼自宅の庭に並ぶ彫刻）) → 候補0枚
✗ new-omotesando-brunch #5 代々木公園方向への路地散歩 (代々木八幡・代々木公園方向の青山裏手の住宅街の細い路地（観光客の少ない閑静な生活路地）) → 候補0枚
✗ new-nakameguro-morning #1 目黒川沿い散歩（中目黒〜池尻大橋） (目黒川沿いの遊歩道（中目黒〜池尻大橋区間、川を縁取る桜並木と水辺の散歩道）) → 候補0枚
✗ new-nakameguro-morning #2 スターバックスリザーブロースタリー東京 (スターバックス リザーブ ロースタリー 東京の建物外観（中目黒・目黒川沿いの大型旗艦店）) → 候補0枚
✗ new-nakameguro-morning #3 中目黒高架下（東横線高架下） (中目黒高架下（東急東横線の高架橋下を再整備した商業区画の街並み）) → 候補0枚
✗ new-nakameguro-morning #4 中目黒〜代官山の徒歩ルート (中目黒から代官山へ抜ける閑静な住宅街の坂道・路地) → 候補0枚
✗ new-nakameguro-morning #5 池尻大橋〜三宿方向のカフェエリア (池尻大橋〜三宿エリアの落ち着いた街並みとカフェの並ぶ通り) → 候補0枚
✗ new-jiyugaoka-patisserie #1 自由が丘 モンブラン（発祥の店） (自由が丘の商店街・遊歩道沿いに洋菓子店やカフェが並ぶ街並み（パティスリーが密集する駅前区画）) → 候補0枚
✗ new-jiyugaoka-patisserie #2 自由が丘スイーツフォレスト（閉業に注意） (自由が丘の商店街アーケード・通りの街並み（旧スイーツフォレスト跡地周辺の自由が丘中心街）) → 候補0枚
✗ new-jiyugaoka-patisserie #3 自由が丘駅周辺の個人パティスリー (自由が丘駅周辺の細い路地に個人経営の洋菓子店・カフェが点在する裏通りの街並み) → 候補0枚
✗ new-jiyugaoka-patisserie #4 自由が丘の路地散歩とカフェ (自由が丘から緑が丘・奥沢方面へ伸びる住宅街の細い路地・遊歩道（九品仏川緑道など）) → 候補0枚
✗ new-jiyugaoka-patisserie #5 熊野神社と駒場公園方向 (奥沢の熊野神社（自由が丘・奥沢の鎮守の社殿・鳥居）) → 候補0枚
✗ new-toyosu-lunch #1 豊洲市場 飲食棟（江戸前場外 千客万来） (豊洲市場 千客万来（豊洲場外 江戸前市場）の江戸の商店街を模した木造の飲食・物販施設の外観) → 候補0枚
✗ new-toyosu-lunch #2 豊洲市場 見学ルート (豊洲市場の水産卸売場棟の建物外観、または見学者通路から見たターレや卸売場の内部) → 候補0枚
✗ new-toyosu-lunch #3 チームラボ プラネッツ TOKYO（豊洲） (チームラボ プラネッツ TOKYO（豊洲）の建物外観またはエントランスのサイン) → 候補0枚
✗ new-toyosu-lunch #4 アーバンドック ららぽーと豊洲 (アーバンドック ららぽーと豊洲の運河沿いの大型商業施設外観) → 候補0枚
✓ new-toyosu-lunch #5 豊洲ぐるり公園 (豊洲ぐるり公園の晴海運河沿いの遊歩道と対岸の都心高層ビル群の眺め) → 候補4枚
✗ new-hachioji-gourmet #1 八王子ラーメン（八王子駅周辺） (八王子ラーメン（醤油スープに刻みタマネギを散らした一杯）の丼) → 候補0枚
✓ new-hachioji-gourmet #2 八王子城跡（史跡） (八王子城跡（北条氏照の山城跡の石垣・曲輪・御主殿跡）) → 候補4枚
✗ new-hachioji-gourmet #3 高尾山（八王子市内） (高尾山の山上から見た稜線と参道（標高599mの山並み）) → 候補0枚
✗ new-hachioji-gourmet #4 八王子駅周辺の地ビール・クラフトビール (クラフトビール（地ビール）のグラスとビール瓶) → 候補0枚
✗ new-hachioji-gourmet #5 石川宿・八王子市内の宿場町跡 (旧甲州街道・石川宿あたりの宿場町の名残が残る街道筋の風景) → 候補0枚
✗ new-kanagawa-weekend #1 横浜・みなとみらい（土曜午前） (横浜ランドマークタワーを中心としたみなとみらいの高層ビル群と海沿いの水辺の景観) → 候補0枚
✗ new-kanagawa-weekend #2 横浜中華街（土曜ランチ） (横浜中華街の善隣門（朱色と金の装飾が施された牌楼／門）) → 候補0枚
✗ new-kanagawa-weekend #3 鎌倉（土曜午後〜夕方） (鶴岡八幡宮の本宮へ続く大石段と朱塗りの社殿) → 候補0枚
✗ new-kanagawa-weekend #4 箱根湯本（日曜・温泉日帰り） (箱根・大涌谷の白い噴煙が立ちのぼる火山性の荒涼とした谷) → 候補0枚
✗ new-kanagawa-weekend #5 湘南経由の帰路（選択肢として） (湘南海岸（茅ヶ崎・藤沢）の砂浜と相模湾の海並み) → 候補0枚
✓ kansai-umeda-night-date #1 グランフロント大阪 (グランフロント大阪（JR大阪駅北側・うめきたに建つ南館・北館からなる大型複合商業施設のガラス張り外観）) → 候補2枚
✗ kansai-umeda-night-date #2 HEP FIVE観覧車 (HEP FIVE観覧車（HEP FIVEのビル屋上に設置された直径75m・最高到達点106mの赤い観覧車）) → 候補0枚
✓ kansai-umeda-night-date #3 梅田スカイビル 空中庭園展望台 (梅田スカイビル空中庭園展望台（2棟の超高層ビルを上部で連結し屋上に円形の展望リングを持つ独特の外観）) → 候補4枚
✓ kansai-umeda-night-date #4 大阪市中央公会堂 (大阪市中央公会堂（中之島に建つ1918年竣工のネオ・ルネサンス様式、赤煉瓦と銅板屋根の重要文化財建築）) → 候補4枚
✗ kansai-umeda-night-date #5 中之島 水辺の夜さんぽ (なにわ橋から望む中之島の夜景（堂島川・土佐堀川に挟まれた中之島のビル群と水面に映る灯り）) → 候補0枚
✓ kansai-arashiyama-walk #1 渡月橋 (渡月橋（桂川・大堰川に架かる木造の橋）と背後の嵐山の山並み) → 候補4枚
✓ kansai-arashiyama-walk #2 天龍寺 曹源池庭園 (天龍寺の曹源池庭園（嵐山・亀山を借景にした池泉回遊式庭園）) → 候補1枚
✓ kansai-arashiyama-walk #3 野宮神社 (野宮神社のクヌギ樹皮を残した黒木鳥居と苔の庭) → 候補2枚
✓ kansai-arashiyama-walk #4 竹林の小径 (嵐山の竹林の小径（両側に高い竹がトンネル状に連なる遊歩道）) → 候補4枚
✓ kansai-arashiyama-walk #5 大河内山荘庭園 (大河内山荘庭園の木造の門と回遊式庭園) → 候補4枚
✓ kansai-kobe-harborland-family #1 神戸アンパンマンこどもミュージアム＆モール (神戸アンパンマンこどもミュージアム＆モールの建物外観（ハーバーランド海沿いに建つ2階建ての施設）) → 候補4枚
✗ kansai-kobe-harborland-family #2 神戸ハーバーランド（モザイク・大観覧車） (神戸ハーバーランドのモザイク屋上にある大観覧車（神戸港に面した観覧車）) → 候補0枚
✓ kansai-kobe-harborland-family #3 メリケンパーク・BE KOBE (メリケンパークの「BE KOBE」モニュメント（白いブロック文字の記念撮影スポット）) → 候補4枚
✓ kansai-kobe-harborland-family #4 神戸ポートタワー (神戸ポートタワー（鼓のようにくびれた赤いパイプ構造の展望タワー）) → 候補4枚
✓ kansai-kobe-harborland-family #5 神戸海洋博物館・カワサキワールド (神戸海洋博物館（白い帆をかたどった屋根が目印の博物館建物）) → 候補2枚
✓ kansai-gion-higashiyama-date #1 八坂神社 (八坂神社の朱塗りの西楼門（四条通東端に立つ重層入母屋造の楼門）) → 候補4枚
✓ kansai-gion-higashiyama-date #2 円山公園 (円山公園の池泉回遊式庭園と中央の有名なしだれ桜) → 候補3枚
✓ kansai-gion-higashiyama-date #3 高台寺 (高台寺の方丈前庭と臥龍池をのぞむ庭園の景観) → 候補4枚
✗ kansai-gion-higashiyama-date #4 二年坂・産寧坂 (二年坂・産寧坂の石畳の坂道沿いに京町家の店が連なる町並み) → 候補0枚
✓ kansai-gion-higashiyama-date #5 清水寺 (清水寺の本堂「清水の舞台」（崖からせり出す懸造りの木組み舞台）) → 候補3枚
✓ chubu-sakae-osu-date #1 中部電力 MIRAI TOWER (中部電力 MIRAI TOWER（旧・名古屋テレビ塔。久屋大通公園に立つ鉄骨の電波塔）の全景) → 候補2枚
✓ chubu-sakae-osu-date #2 オアシス21 (オアシス21の屋上「水の宇宙船」（水をたたえたガラスの大屋根の楕円形デッキ）) → 候補4枚
✓ chubu-sakae-osu-date #3 久屋大通公園（Hisaya-odori Park） (久屋大通公園（MIRAI TOWERを背に芝生と並木が南北に続くリニューアル後の公園）) → 候補4枚
✗ chubu-sakae-osu-date #4 大須商店街 (大須商店街（アーケードに多様な店が並ぶ門前商店街の通り）) → 候補0枚
✓ chubu-sakae-osu-date #5 大須観音 (大須観音（北野山真福寺宝生院。朱塗りの本堂）) → 候補4枚
