✓ new-sakuragicho-night-date#2 コスモクロック21（夜） +4
✓ new-sakuragicho-night-date#4 野毛山公園（夜景スポット） +4
✓ new-osanbashi-nightview-date#1 大さん橋国際客船ターミナル 屋上デッキ +4
✓ new-bashamichi-architecture#2 旧横浜市庁舎（横浜市歴史的建造物） +4
✓ new-bashamichi-architecture#4 神奈川県庁本庁舎（キングの塔） +4
✓ new-bashamichi-architecture#5 横浜開港資料館（旧英国総領事館） +4
✓ new-kannai-nihondori#3 横浜スタジアム周辺（横浜公園） +4
✓ new-yamashita-date#4 山手西洋館エリア（ブラフ18番館など） +4
✓ new-chinatown-sightseeing#1 横浜中華街（街歩き） +4
✓ new-chinatown-sightseeing#4 山下公園（食後の散歩） +4
✓ new-yokohama-station-bored#3 横浜ポルタ（散策） +4
✓ new-noge-bar-hop#1 都橋商店街（野毛小路） +4
✓ new-noge-bar-hop#2 野毛大道芸エリア（野毛本通り） +4
✓ new-noge-bar-hop#3 日ノ出町ガード下 +4
✓ new-yokohama-arena-spots#2 新横浜公園・鶴見川沿い遊歩道 +4
✓ new-yokohama-arena-spots#5 新横浜近辺のカフェ・コワーキング +4
✓ new-kamakura-komachi#5 鎌倉幕府跡（鎌倉歴史文化交流館） +4
✓ new-hase-yuigahama-date#5 江ノ電 長谷駅周辺カフェ +4
✓ new-enoshima-evening-date#1 江ノ島シーキャンドル（江の島展望灯台） +4
✓ new-enoshima-evening-date#4 江ノ島弁天仲見世通り +4
✓ new-enoshima-evening-date#5 湘南港（ヨットハーバー） +4
✓ new-kamakura-rainy#2 長谷寺（雨天） +4
✓ new-kamakura-rainy#4 建長寺（方丈・庭園） +4
✓ new-kawasaki-rainy-date#2 ユナイテッド・シネマ川崎（ラゾーナ内） +4
✓ new-kawasaki-rainy-date#5 川崎市市民ミュージアム（仮移転中） +4
✓ new-musashikosugi-family#4 中原市民館・中原図書館 +4
✓ new-musashikosugi-family#5 丸子橋・多摩川河川敷 +4
✗ new-tamaplaza-azamino#5 港北ニュータウン・都筑区公園群 +0
✓ new-hakoneyumoto#1 箱根湯本温泉（日帰り入浴） +4
✓ new-hakoneyumoto#2 天山湯治郷 +1
✓ new-hakoneyumoto#3 箱根湯本商店街 +4
✓ new-hakoneyumoto#4 箱根湯本美術館 +4
✓ new-hakoneyumoto#5 箱根登山電車（湯本→強羅） +4
✓ new-odawara#4 小田原漁港（早川港） +4
✓ new-odawara#5 小田原文学館・白秋童謡館 +4
✓ new-chigasaki-beach#2 ヘッドランド（突堤） +4
✓ new-chigasaki-beach#3 Tバー（チャーム茅ヶ崎）周辺カフェ群 +4
✓ new-chigasaki-beach#4 旧相模川橋脚（国指定史跡） +3
✓ new-chigasaki-beach#5 茅ヶ崎公園（里山の丘公園） +4
✓ new-fujisawa-bored#1 藤沢駅周辺ショッピング（藤沢ルミネ・サンパール広場） +4
✓ new-fujisawa-bored#2 鵠沼海岸（辻堂〜片瀬） +4
✓ new-fujisawa-bored#3 江ノ島（藤沢からのアクセス） +4
✓ new-fujisawa-bored#4 藤沢市民ギャラリー +1
✓ new-fujisawa-bored#5 藤沢本町・遊行寺 +4
✓ new-yokosuka-dobuita#2 猿島（東京湾唯一の無人島） +4
✓ new-yokosuka-dobuita#4 ヴェルニー公園（横須賀港ビュー） +4
✓ new-miura-kaigan#3 三崎港・まぐろの食堂街 +4
✓ new-miura-kaigan#4 剱崎（けんざき）灯台 +4
✓ new-miura-kaigan#5 三浦海岸 河津桜まつり（1〜2月） +2
✗ new-kohoku-nt-family#2 都筑区ふるさと公園 +0
✓ new-kohoku-nt-family#3 大塚・歳勝土遺跡公園（弥生の丘展示館） +4
✗ new-kohoku-nt-family#4 港北ニュータウン緑道（牛久保緑道ほか） +0
✓ new-yokohama-first-date#1 みなとみらい・ランドマークタワー〜スカイガーデン +4
✓ new-yokohama-first-date#3 山下公園・大さん橋 +4
✓ new-yokohama-first-date#5 コスモクロック21（夜景） +4
✓ new-asakusa-date#3 隅田川テラス・吾妻橋 +4
✓ new-asakusa-date#5 浅草ホッピー通り・馬道通り +4
✓ new-ueno-museum#3 上野公園・花見エリア +4
✓ new-skytree-area#4 隅田川・十間橋 +4
✓ new-skytree-area#5 向島・言問橋エリア +4
✓ new-ginza-marunouchi#1 銀座六丁目・GINZA SIX +4
✓ new-ginza-marunouchi#5 銀座三越・松屋銀座 +4
✓ new-ikebukuro-day#5 としまえん跡・練馬区立としまえん庭の湯 +4
✓ new-tokyo-rainy#5 新宿高島屋タイムズスクエア（書籍・ショッピング） +4
✓ new-tokyo-first-date#3 お台場海浜公園（夜景） +4
✓ new-tokyo-first-date#4 銀座ディナー・GINZA SIX +4
✓ new-tokyo-first-date#5 新宿（締め・バー） +4
✓ new-ebisu-daikanyama#5 恵比寿・アトレ恵比寿（飲食） +4
✓ new-nakameguro-walk#3 スタバ リザーブ ロースタリー東京 +4
✓ new-nakameguro-walk#4 目黒川沿いのカフェ・ショップ +4
✓ new-nakameguro-walk#5 祐天寺・池尻大橋周辺 +4
✓ new-kichijoji-day#3 吉祥寺サンロード・ダイヤ街 +4
✓ new-kichijoji-day#4 吉祥寺ヨドバシカメラ・東急百貨店 +4
✓ new-kichijoji-day#5 成蹊大学周辺・吉祥寺カフェ +4
✓ new-harajuku-backstreet#5 神宮前エリアの古着屋巡り +4
✓ new-ginza-gallery#1 GINZA SIX（銀座六丁目） +4
✓ new-ginza-gallery#3 銀座画廊街（クリエイションギャラリーG8ほか） +4
✓ new-ginza-gallery#4 松屋銀座・銀座三越 +4
✓ new-ginza-gallery#5 歌舞伎座・銀座四丁目交差点 +4
✓ new-shibuya-brunch#1 渋谷ストリーム（渋谷川沿い遊歩道） +4
✓ new-shibuya-brunch#2 渋谷ヒカリエ（展望フロア） +4
✓ new-shibuya-brunch#3 松濤・鉢山エリアのカフェ +4
✓ new-shibuya-brunch#5 代々木公園でのピクニックブランチ +4
✓ new-shinjuku-park#1 新宿御苑（日本庭園エリア） +4
✓ new-shinjuku-park#2 新宿御苑前周辺のカフェ街 +4
✓ new-shinjuku-park#3 KITTE丸の内屋上テラス（参考：同コンセプト）と新宿南口 +4
✓ new-shinjuku-park#4 新宿西口・東口の老舗デパート +4
✓ new-roppongi-art#1 森美術館（六本木ヒルズ森タワー53F） +4
✓ new-roppongi-art#2 国立新美術館（乃木坂） +4
✓ new-roppongi-art#3 21_21 DESIGN SIGHT（東京ミッドタウン） +4
✓ new-roppongi-art#4 東京ミッドタウン庭園のパブリックアート +4
✓ new-roppongi-art#5 六本木ヒルズの屋外彫刻（ルイーズ・ブルジョワ「ママン」） +4
✓ new-marunouchi-walk#5 KITTE（旧東京中央郵便局） +4
✓ new-omotesando-brunch#1 表参道ヒルズ周辺のカフェ +4
✓ new-omotesando-brunch#2 根津美術館と庭園 +4
✓ new-omotesando-brunch#3 青山通り沿いのベーカリー +4
✓ new-omotesando-brunch#4 岡本太郎記念館（南青山） +4
✓ new-omotesando-brunch#5 代々木公園方向への路地散歩 +4
✓ new-nakameguro-morning#1 目黒川沿い散歩（中目黒〜池尻大橋） +4
✗ new-nakameguro-morning#2 スターバックスリザーブロースタリー東京 +0
✓ new-nakameguro-morning#3 中目黒高架下（東横線高架下） +4
✓ new-nakameguro-morning#4 中目黒〜代官山の徒歩ルート +4
✓ new-nakameguro-morning#5 池尻大橋〜三宿方向のカフェエリア +4
✓ new-jiyugaoka-patisserie#1 自由が丘 モンブラン（発祥の店） +4
✓ new-jiyugaoka-patisserie#2 自由が丘スイーツフォレスト（閉業に注意） +4
✓ new-jiyugaoka-patisserie#3 自由が丘駅周辺の個人パティスリー +4
✓ new-jiyugaoka-patisserie#4 自由が丘の路地散歩とカフェ +4
✓ new-jiyugaoka-patisserie#5 熊野神社と駒場公園方向 +2
✓ new-toyosu-lunch#1 豊洲市場 飲食棟（江戸前場外 千客万来） +4
✓ new-toyosu-lunch#2 豊洲市場 見学ルート +4
✓ new-toyosu-lunch#3 チームラボ プラネッツ TOKYO（豊洲） +4
✓ new-toyosu-lunch#4 アーバンドック ららぽーと豊洲 +4
✓ new-hachioji-gourmet#1 八王子ラーメン（八王子駅周辺） +4
✓ new-hachioji-gourmet#3 高尾山（八王子市内） +4
✓ new-hachioji-gourmet#4 八王子駅周辺の地ビール・クラフトビール +4
✗ new-hachioji-gourmet#5 石川宿・八王子市内の宿場町跡 +0
✓ new-kanagawa-weekend#1 横浜・みなとみらい（土曜午前） +4
✓ new-kanagawa-weekend#2 横浜中華街（土曜ランチ） +4
✓ new-kanagawa-weekend#3 鎌倉（土曜午後〜夕方） +4
✓ new-kanagawa-weekend#4 箱根湯本（日曜・温泉日帰り） +4
✓ new-kanagawa-weekend#5 湘南経由の帰路（選択肢として） +4
✓ kansai-umeda-night-date#2 HEP FIVE観覧車 +4
✓ kansai-umeda-night-date#5 中之島 水辺の夜さんぽ +4
✓ kansai-kobe-harborland-family#2 神戸ハーバーランド（モザイク・大観覧車） +4
✓ kansai-gion-higashiyama-date#4 二年坂・産寧坂 +4
✓ chubu-sakae-osu-date#4 大須商店街 +4
