✓ kansai-namba-dotonbori-walk #1 黒門市場 [query]
✓ kansai-namba-dotonbori-walk #2 千日前道具屋筋商店街 [query]
✓ kansai-namba-dotonbori-walk #3 なんばグランド花月 [file]
✓ kansai-namba-dotonbori-walk #4 道頓堀グリコサイン・戎橋 [query]
✓ kansai-namba-dotonbori-walk #5 法善寺横丁 [query]
✓ kansai-shinsekai-tsutenkaku #1 通天閣 [query]
✓ kansai-shinsekai-tsutenkaku #2 通天閣本通商店街 [query]
✓ kansai-shinsekai-tsutenkaku #3 串かつ だるま 新世界総本店 [query]
✓ kansai-shinsekai-tsutenkaku #4 ジャンジャン横丁（南陽通商店街） [name]
✓ kansai-shinsekai-tsutenkaku #5 スパワールド ホテル&リゾート（旧・世界の大温泉） [query]
✓ kansai-tennoji-abeno-family #1 あべのハルカス ハルカス300（展望台） [query]
✗ kansai-tennoji-abeno-family #2 てんしば（天王寺公園エントランスエリア） — 解決失敗
✓ kansai-tennoji-abeno-family #3 天王寺動物園 [query]
✓ kansai-tennoji-abeno-family #4 大阪市立美術館 [query]
✓ kansai-tennoji-abeno-family #5 あべのキューズモール [file]
✓ kansai-osaka-castle-walk #1 JO-TERRACE OSAKA [query]
✓ kansai-osaka-castle-walk #2 極楽橋 [query]
✓ kansai-osaka-castle-walk #3 大阪城天守閣 [file]
✓ kansai-osaka-castle-walk #4 大阪城 豊國神社 [query]
✓ kansai-osaka-castle-walk #5 西の丸庭園 [name]
✓ kansai-tempozan-family #1 海遊館 [query]
✓ kansai-tempozan-family #2 天保山マーケットプレース [query]
✓ kansai-tempozan-family #3 レゴランド・ディスカバリー・センター大阪 [query]
✓ kansai-tempozan-family #4 天保山大観覧車 [query]
✓ kansai-tempozan-family #5 帆船型観光船サンタマリア [name]
✓ kansai-expo-park-family #1 太陽の塔 [query]
✓ kansai-expo-park-family #2 万博記念公園 自然文化園 [query]
✓ kansai-expo-park-family #3 ニフレル（NIFREL） [query]
✓ kansai-expo-park-family #4 ららぽーとEXPOCITY [query]
✓ kansai-expo-park-family #5 国立民族学博物館 [query]
✓ kansai-fushimi-inari-walk #1 伏見稲荷大社 [query]
✓ kansai-fushimi-inari-walk #2 千本鳥居 [query]
✓ kansai-fushimi-inari-walk #3 稲荷山・四ツ辻 [query]
✓ kansai-fushimi-inari-walk #4 東福寺 [query]
✗ kansai-fushimi-inari-walk #5 伏見稲荷参道（表参道商店街） — 解決失敗
✓ kansai-kinkakuji-walk #1 金閣寺（鹿苑寺） [query]
✓ kansai-kinkakuji-walk #2 龍安寺 [query]
✓ kansai-kinkakuji-walk #3 仁和寺 [query]
✓ kansai-kinkakuji-walk #4 北野天満宮 [query]
✓ kansai-kinkakuji-walk #5 等持院 [query]
✓ kansai-kawaramachi-pontocho-date #1 錦市場 [query]
✓ kansai-kawaramachi-pontocho-date #2 鴨川（鴨川納涼床） [file]
✓ kansai-kawaramachi-pontocho-date #3 木屋町通 [name]
✓ kansai-kawaramachi-pontocho-date #4 先斗町 [query]
✗ kansai-kawaramachi-pontocho-date #5 祇園白川・巽橋 — 解決失敗
✓ kansai-uji-walk #1 宇治橋通り商店街 [query]
✓ kansai-uji-walk #2 平等院 [query]
✓ kansai-uji-walk #3 朝霧橋 [name]
✓ kansai-uji-walk #4 宇治上神社 [query]
✓ kansai-uji-walk #5 宇治市源氏物語ミュージアム [query]
✓ kansai-kitano-ijinkan-date #1 風見鶏の館（旧トーマス住宅） [name]
✓ kansai-kitano-ijinkan-date #2 萌黄の館 [name]
✓ kansai-kitano-ijinkan-date #3 北野天満神社 [name]
✗ kansai-kitano-ijinkan-date #4 うろこの家＆展望ギャラリー — 解決失敗
✗ kansai-kitano-ijinkan-date #5 スターバックス コーヒー 神戸北野異人館店（北野物語館） — 解決失敗
✓ kansai-sannomiya-nankinmachi-walk #1 神戸三宮センター街 [name]
✓ kansai-sannomiya-nankinmachi-walk #2 生田神社 [query]
✓ kansai-sannomiya-nankinmachi-walk #3 南京町 [query]
✓ kansai-sannomiya-nankinmachi-walk #4 神戸元町商店街 [query]
✓ kansai-sannomiya-nankinmachi-walk #5 東遊園地 [query]
✓ kansai-arima-onsen-walk #1 有馬本温泉 金の湯 [query]
✓ kansai-arima-onsen-walk #2 湯本坂 [query]
✓ kansai-arima-onsen-walk #3 温泉寺 [query]
✓ kansai-arima-onsen-walk #4 炭酸泉源公園 [name]
✓ kansai-arima-onsen-walk #5 有馬温泉 銀の湯 [query]
✓ kansai-nara-park-walk #1 興福寺 [name]
✓ kansai-nara-park-walk #2 奈良公園（鹿） [query]
✓ kansai-nara-park-walk #3 東大寺 大仏殿 [file]
✓ kansai-nara-park-walk #4 春日大社 [query]
✓ kansai-nara-park-walk #5 若草山 [query]
✓ kansai-naramachi-walk #1 猿沢池 [query]
✓ kansai-naramachi-walk #2 元興寺 [name]
✓ kansai-naramachi-walk #3 ならまち格子の家 [name]
✓ kansai-naramachi-walk #4 御霊神社 [name]
✓ kansai-naramachi-walk #5 奈良町資料館 [name]
✓ chubu-nagoya-station-walk #1 ミッドランドスクエア 屋外展望台 スカイプロムナード [query]
✓ chubu-nagoya-station-walk #2 JRセントラルタワーズ 15階 スカイストリート [query]
✓ chubu-nagoya-station-walk #3 ナナちゃん人形 [name]
✓ chubu-nagoya-station-walk #4 ノリタケの森 [query]
✓ chubu-nagoya-station-walk #5 トヨタ産業技術記念館 [query]
✓ chubu-atsuta-jingu-walk #1 熱田神宮 [query]
✓ chubu-atsuta-jingu-walk #2 熱田神宮宝物館／剣の宝庫 草薙館 [query]
✓ chubu-atsuta-jingu-walk #3 断夫山古墳 [query]
✓ chubu-atsuta-jingu-walk #4 白鳥庭園 [query]
✓ chubu-atsuta-jingu-walk #5 宮の渡し公園 [name]
✓ chubu-nagoya-port-family #1 名古屋港水族館 [file]
✓ chubu-nagoya-port-family #2 JETTY [query]
✓ chubu-nagoya-port-family #3 南極観測船ふじ [query]
✓ chubu-nagoya-port-family #4 名古屋海洋博物館・名古屋港ポートビル展望室 [file]
✓ chubu-nagoya-port-family #5 名古屋港シートレインランド [query]
✓ chubu-atami-onsen-date #1 來宮神社 [name]
✓ chubu-atami-onsen-date #2 熱海城 [query]
✓ chubu-atami-onsen-date #3 熱海銀座商店街 [name]
✓ chubu-atami-onsen-date #4 熱海サンビーチ [query]
✓ chubu-atami-onsen-date #5 親水公園ムーンテラス [name]
✓ kyushu-tenjin-walk #1 天神地下街 [query]
✓ kyushu-tenjin-walk #2 警固神社 [query]
✓ kyushu-tenjin-walk #3 新天町商店街 [name]
✓ kyushu-tenjin-walk #4 アクロス福岡（ステップガーデン） [name]
✓ kyushu-tenjin-walk #5 天神中央公園 [query]
✓ kyushu-nakasu-kawabata-walk #1 櫛田神社 [query]
✓ kyushu-nakasu-kawabata-walk #2 上川端商店街 [query]
✓ kyushu-nakasu-kawabata-walk #3 キャナルシティ博多 [query]
✓ kyushu-nakasu-kawabata-walk #4 博多リバレインモール [query]
✓ kyushu-nakasu-kawabata-walk #5 中洲屋台 [query]
✓ kyushu-ohori-park-family #1 大濠公園 [query]
✓ kyushu-ohori-park-family #2 福岡市美術館 [query]
✓ kyushu-ohori-park-family #3 舞鶴公園（福岡城跡） [query]
✓ kyushu-ohori-park-family #4 大濠公園日本庭園 [query]
✓ kyushu-ohori-park-family #5 福岡市動植物園 [query]
✓ kyushu-dazaifu-walk #1 太宰府天満宮表参道 [name]
✓ kyushu-dazaifu-walk #2 太宰府天満宮 [query]
✓ kyushu-dazaifu-walk #3 九州国立博物館 [query]
✓ kyushu-dazaifu-walk #4 光明禅寺 [query]
✓ kyushu-dazaifu-walk #5 宝満宮 竈門神社 [name]
✓ kyushu-kagoshima-tenmonkan #1 湯之平展望所 [query]
✓ kyushu-kagoshima-tenmonkan #2 仙巌園 [query]
✓ kyushu-kagoshima-tenmonkan #3 城山展望台 [query]
✓ kyushu-kagoshima-tenmonkan #4 天文館商店街 [query]
✓ kyushu-kagoshima-tenmonkan #5 桜島フェリー [query]
✓ hokkaido-sapporo-odori-walk #1 二条市場 [query]
✓ hokkaido-sapporo-odori-walk #2 大通公園 [query]
✓ hokkaido-sapporo-odori-walk #3 札幌市時計台 [query]
✓ hokkaido-sapporo-odori-walk #4 北海道庁旧本庁舎（赤れんが庁舎） [query]
✓ hokkaido-sapporo-odori-walk #5 さっぽろテレビ塔 [name]
✓ hokkaido-susukino-night-date #1 JRタワー展望室T38 [query]
✗ hokkaido-susukino-night-date #2 さっぽろテレビ塔 展望台 — 解決失敗
✗ hokkaido-susukino-night-date #3 すすきの交差点（ニッカウヰスキー大看板） — 解決失敗
✓ hokkaido-susukino-night-date #4 藻岩山山頂展望台 [query]
✓ hokkaido-susukino-night-date #5 中島公園 [query]
✓ hokkaido-otaru-canal-date #1 小樽運河 [query]
✓ hokkaido-otaru-canal-date #2 小樽芸術村 [query]
✓ hokkaido-otaru-canal-date #3 堺町通り商店街 [query]
✓ hokkaido-otaru-canal-date #4 北一硝子 三号館 [query]
✗ hokkaido-otaru-canal-date #5 小樽オルゴール堂 本館 — 解決失敗
✓ chugoku-hiroshima-peace-walk #1 原爆ドーム [file]
✓ chugoku-hiroshima-peace-walk #2 広島平和記念資料館 [query]
✓ chugoku-hiroshima-peace-walk #3 縮景園 [query]
✓ chugoku-hiroshima-peace-walk #4 広島城 [query]
✓ chugoku-hiroshima-peace-walk #5 本通商店街 [query]
✓ chugoku-miyajima-walk #1 嚴島神社 大鳥居 [query]
✓ chugoku-miyajima-walk #2 嚴島神社 [query]
✓ chugoku-miyajima-walk #3 豊国神社（千畳閣）・五重塔 [query]
✓ chugoku-miyajima-walk #4 宮島表参道商店街 [query]
✓ chugoku-miyajima-walk #5 弥山（宮島ロープウエー） [query]
✓ kanto-kawagoe-walk #1 時の鐘 [query]
✗ kanto-kawagoe-walk #2 蔵造りの町並み（一番街） — 解決失敗
✓ kanto-kawagoe-walk #3 菓子屋横丁 [name]
✓ kanto-kawagoe-walk #4 川越氷川神社 [query]
✓ kanto-kawagoe-walk #5 喜多院 [query]
