✓ new-enoshima-evening-date#4 +8
✓ new-musashikosugi-family#4 +8
✓ new-ueno-museum#2 +8
✓ new-shinjuku-time#2 +8
✓ new-skytree-area#5 +8
✓ new-nakameguro-walk#2 +7
✓ new-nakameguro-walk#5 +8
✓ new-harajuku-backstreet#5 +8
✓ new-jiyugaoka-patisserie#1 +8
✓ new-jiyugaoka-patisserie#2 +8
✓ new-jiyugaoka-patisserie#3 +6
✓ new-hachioji-gourmet#5 +6
✓ new-kanagawa-weekend#5 +8
✓ kansai-shinsekai-tsutenkaku#3 +8
✓ kansai-tennoji-abeno-family#2 +8
✓ kansai-nara-park-walk#1 +8
✓ kansai-nara-park-walk#2 +8
✓ kansai-naramachi-walk#2 +8
✓ kansai-naramachi-walk#4 +8
✓ chubu-nagoya-station-walk#3 +8
✓ chubu-atsuta-jingu-walk#5 +8
✓ kanto-kawagoe-walk#4 +8
✓ kyoto-ohara-sanzen#5 +8
✓ kyoto-toji-temple#4 +8
✓ shiga-biwako-terrace#3 +8
